../Core/Src/main.c:222:5:main	24	static
../Core/Src/main.c:479:6:SystemClock_Config	88	static
../Core/Src/main.c:526:13:MX_TIM2_Init	40	static
../Core/Src/main.c:571:13:MX_TIM3_Init	64	static
../Core/Src/main.c:630:13:MX_TIM4_Init	56	static
../Core/Src/main.c:679:13:MX_TIM5_Init	40	static
../Core/Src/main.c:724:13:MX_TIM6_Init	24	static
../Core/Src/main.c:762:13:MX_TIM16_Init	8	static
../Core/Src/main.c:798:13:MX_USART1_UART_Init	8	static
../Core/Src/main.c:846:13:MX_USART2_UART_Init	8	static
../Core/Src/main.c:892:13:MX_DMA_Init	16	static
../Core/Src/main.c:917:13:MX_GPIO_Init	48	static
../Core/Src/main.c:970:6:vacuum_onoff	4	static
../Core/Src/main.c:981:6:gripper_pushpull	4	static
../Core/Src/main.c:1004:6:set_shelves	40	static
../Core/Src/main.c:1062:6:run_pointmode	32	static
../Core/Src/main.c:1110:6:set_home	8	static
../Core/Src/main.c:1162:6:run_jogmode	56	static
../Core/Src/main.c:1267:6:setMotor	16	static
../Core/Src/main.c:1290:6:HAL_UART_RxCpltCallback	16	static
../Core/Src/main.c:1299:6:UARTDMAConfig	8	static
../Core/Src/main.c:1305:6:update_position	4	static
../Core/Src/main.c:1318:6:HAL_TIM_PeriodElapsedCallback	24	static
../Core/Src/main.c:1336:10:micros	12	static
../Core/Src/main.c:1341:6:QEIEncoderPosVel_Update	32	static
../Core/Src/main.c:1380:6:trajectory	48	static
../Core/Src/main.c:1444:6:velocity_PID	24	static
../Core/Src/main.c:1463:6:position_PID	24	static
../Core/Src/main.c:1481:6:gripper_pick	4	static
../Core/Src/main.c:1485:6:gripper_place	4	static
../Core/Src/main.c:1496:6:Error_Handler	4	static,ignoring_inline_asm
