Archive member included to satisfy reference by file (symbol)

C:/ST/STM32CubeIDE_1.12.0/STM32CubeIDE/plugins/com.st.stm32cube.ide.mcu.externaltools.gnu-tools-for-stm32.11.3.rel1.win32_1.1.100.202309141235/tools/bin/../lib/gcc/arm-none-eabi/11.3.1/../../../../arm-none-eabi/lib/thumb/v7e-m+fp/hard\libc_nano.a(libc_a-exit.o)
                              C:/ST/STM32CubeIDE_1.12.0/STM32CubeIDE/plugins/com.st.stm32cube.ide.mcu.externaltools.gnu-tools-for-stm32.11.3.rel1.win32_1.1.100.202309141235/tools/bin/../lib/gcc/arm-none-eabi/11.3.1/../../../../arm-none-eabi/lib/thumb/v7e-m+fp/hard/crt0.o (exit)
C:/ST/STM32CubeIDE_1.12.0/STM32CubeIDE/plugins/com.st.stm32cube.ide.mcu.externaltools.gnu-tools-for-stm32.11.3.rel1.win32_1.1.100.202309141235/tools/bin/../lib/gcc/arm-none-eabi/11.3.1/../../../../arm-none-eabi/lib/thumb/v7e-m+fp/hard\libc_nano.a(libc_a-findfp.o)
                              C:/ST/STM32CubeIDE_1.12.0/STM32CubeIDE/plugins/com.st.stm32cube.ide.mcu.externaltools.gnu-tools-for-stm32.11.3.rel1.win32_1.1.100.202309141235/tools/bin/../lib/gcc/arm-none-eabi/11.3.1/../../../../arm-none-eabi/lib/thumb/v7e-m+fp/hard\libc_nano.a(libc_a-exit.o) (__stdio_exit_handler)
C:/ST/STM32CubeIDE_1.12.0/STM32CubeIDE/plugins/com.st.stm32cube.ide.mcu.externaltools.gnu-tools-for-stm32.11.3.rel1.win32_1.1.100.202309141235/tools/bin/../lib/gcc/arm-none-eabi/11.3.1/../../../../arm-none-eabi/lib/thumb/v7e-m+fp/hard\libc_nano.a(libc_a-fwalk.o)
                              C:/ST/STM32CubeIDE_1.12.0/STM32CubeIDE/plugins/com.st.stm32cube.ide.mcu.externaltools.gnu-tools-for-stm32.11.3.rel1.win32_1.1.100.202309141235/tools/bin/../lib/gcc/arm-none-eabi/11.3.1/../../../../arm-none-eabi/lib/thumb/v7e-m+fp/hard\libc_nano.a(libc_a-findfp.o) (_fwalk_sglue)
C:/ST/STM32CubeIDE_1.12.0/STM32CubeIDE/plugins/com.st.stm32cube.ide.mcu.externaltools.gnu-tools-for-stm32.11.3.rel1.win32_1.1.100.202309141235/tools/bin/../lib/gcc/arm-none-eabi/11.3.1/../../../../arm-none-eabi/lib/thumb/v7e-m+fp/hard\libc_nano.a(libc_a-stdio.o)
                              C:/ST/STM32CubeIDE_1.12.0/STM32CubeIDE/plugins/com.st.stm32cube.ide.mcu.externaltools.gnu-tools-for-stm32.11.3.rel1.win32_1.1.100.202309141235/tools/bin/../lib/gcc/arm-none-eabi/11.3.1/../../../../arm-none-eabi/lib/thumb/v7e-m+fp/hard\libc_nano.a(libc_a-findfp.o) (__sread)
C:/ST/STM32CubeIDE_1.12.0/STM32CubeIDE/plugins/com.st.stm32cube.ide.mcu.externaltools.gnu-tools-for-stm32.11.3.rel1.win32_1.1.100.202309141235/tools/bin/../lib/gcc/arm-none-eabi/11.3.1/../../../../arm-none-eabi/lib/thumb/v7e-m+fp/hard\libc_nano.a(libc_a-memset.o)
                              C:/ST/STM32CubeIDE_1.12.0/STM32CubeIDE/plugins/com.st.stm32cube.ide.mcu.externaltools.gnu-tools-for-stm32.11.3.rel1.win32_1.1.100.202309141235/tools/bin/../lib/gcc/arm-none-eabi/11.3.1/../../../../arm-none-eabi/lib/thumb/v7e-m+fp/hard/crt0.o (memset)
C:/ST/STM32CubeIDE_1.12.0/STM32CubeIDE/plugins/com.st.stm32cube.ide.mcu.externaltools.gnu-tools-for-stm32.11.3.rel1.win32_1.1.100.202309141235/tools/bin/../lib/gcc/arm-none-eabi/11.3.1/../../../../arm-none-eabi/lib/thumb/v7e-m+fp/hard\libc_nano.a(libc_a-closer.o)
                              C:/ST/STM32CubeIDE_1.12.0/STM32CubeIDE/plugins/com.st.stm32cube.ide.mcu.externaltools.gnu-tools-for-stm32.11.3.rel1.win32_1.1.100.202309141235/tools/bin/../lib/gcc/arm-none-eabi/11.3.1/../../../../arm-none-eabi/lib/thumb/v7e-m+fp/hard\libc_nano.a(libc_a-stdio.o) (_close_r)
C:/ST/STM32CubeIDE_1.12.0/STM32CubeIDE/plugins/com.st.stm32cube.ide.mcu.externaltools.gnu-tools-for-stm32.11.3.rel1.win32_1.1.100.202309141235/tools/bin/../lib/gcc/arm-none-eabi/11.3.1/../../../../arm-none-eabi/lib/thumb/v7e-m+fp/hard\libc_nano.a(libc_a-reent.o)
                              C:/ST/STM32CubeIDE_1.12.0/STM32CubeIDE/plugins/com.st.stm32cube.ide.mcu.externaltools.gnu-tools-for-stm32.11.3.rel1.win32_1.1.100.202309141235/tools/bin/../lib/gcc/arm-none-eabi/11.3.1/../../../../arm-none-eabi/lib/thumb/v7e-m+fp/hard\libc_nano.a(libc_a-closer.o) (errno)
C:/ST/STM32CubeIDE_1.12.0/STM32CubeIDE/plugins/com.st.stm32cube.ide.mcu.externaltools.gnu-tools-for-stm32.11.3.rel1.win32_1.1.100.202309141235/tools/bin/../lib/gcc/arm-none-eabi/11.3.1/../../../../arm-none-eabi/lib/thumb/v7e-m+fp/hard\libc_nano.a(libc_a-impure.o)
                              C:/ST/STM32CubeIDE_1.12.0/STM32CubeIDE/plugins/com.st.stm32cube.ide.mcu.externaltools.gnu-tools-for-stm32.11.3.rel1.win32_1.1.100.202309141235/tools/bin/../lib/gcc/arm-none-eabi/11.3.1/../../../../arm-none-eabi/lib/thumb/v7e-m+fp/hard\libc_nano.a(libc_a-reent.o) (_impure_ptr)
C:/ST/STM32CubeIDE_1.12.0/STM32CubeIDE/plugins/com.st.stm32cube.ide.mcu.externaltools.gnu-tools-for-stm32.11.3.rel1.win32_1.1.100.202309141235/tools/bin/../lib/gcc/arm-none-eabi/11.3.1/../../../../arm-none-eabi/lib/thumb/v7e-m+fp/hard\libc_nano.a(libc_a-lseekr.o)
[...]
Memory Configuration

Name             Origin             Length             Attributes
RAM              0x0000000020000000 0x0000000000020000 xrw
FLASH            0x0000000008000000 0x0000000000080000 xr
*default*        0x0000000000000000 0xffffffffffffffff

Linker script and memory map

LOAD C:/ST/STM32CubeIDE_1.12.0/STM32CubeIDE/plugins/com.st.stm32cube.ide.mcu.externaltools.gnu-tools-for-stm32.11.3.rel1.win32_1.1.100.202309141235/tools/bin/../lib/gcc/arm-none-eabi/11.3.1/thumb/v7e-m+fp/hard/crti.o
LOAD C:/ST/STM32CubeIDE_1.12.0/STM32CubeIDE/plugins/com.st.stm32cube.ide.mcu.externaltools.gnu-tools-for-stm32.11.3.rel1.win32_1.1.100.202309141235/tools/bin/../lib/gcc/arm-none-eabi/11.3.1/thumb/v7e-m+fp/hard/crtbegin.o
LOAD C:/ST/STM32CubeIDE_1.12.0/STM32CubeIDE/plugins/com.st.stm32cube.ide.mcu.externaltools.gnu-tools-for-stm32.11.3.rel1.win32_1.1.100.202309141235/tools/bin/../lib/gcc/arm-none-eabi/11.3.1/../../../../arm-none-eabi/lib/thumb/v7e-m+fp/hard/crt0.o
LOAD ./Core/Src/ModBusRTU.o
LOAD ./Core/Src/main.o
LOAD ./Core/Src/stm32g4xx_hal_msp.o
LOAD ./Core/Src/stm32g4xx_it.o
LOAD ./Core/Src/syscalls.o
LOAD ./Core/Src/sysmem.o
LOAD ./Core/Src/system_stm32g4xx.o
LOAD ./Core/Startup/startup_stm32g474retx.o
LOAD ./Drivers/STM32G4xx_HAL_Driver/Src/stm32g4xx_hal.o
LOAD ./Drivers/STM32G4xx_HAL_Driver/Src/stm32g4xx_hal_cortex.o
LOAD ./Drivers/STM32G4xx_HAL_Driver/Src/stm32g4xx_hal_dma.o
LOAD ./Drivers/STM32G4xx_HAL_Driver/Src/stm32g4xx_hal_dma_ex.o
LOAD ./Drivers/STM32G4xx_HAL_Driver/Src/stm32g4xx_hal_exti.o
LOAD ./Drivers/STM32G4xx_HAL_Driver/Src/stm32g4xx_hal_flash.o
LOAD ./Drivers/STM32G4xx_HAL_Driver/Src/stm32g4xx_hal_flash_ex.o
LOAD ./Drivers/STM32G4xx_HAL_Driver/Src/stm32g4xx_hal_flash_ramfunc.o
LOAD ./Drivers/STM32G4xx_HAL_Driver/Src/stm32g4xx_hal_gpio.o
LOAD ./Drivers/STM32G4xx_HAL_Driver/Src/stm32g4xx_hal_pwr.o
LOAD ./Drivers/STM32G4xx_HAL_Driver/Src/stm32g4xx_hal_pwr_ex.o
LOAD ./Drivers/STM32G4xx_HAL_Driver/Src/stm32g4xx_hal_rcc.o
LOAD ./Drivers/STM32G4xx_HAL_Driver/Src/stm32g4xx_hal_rcc_ex.o
LOAD ./Drivers/STM32G4xx_HAL_Driver/Src/stm32g4xx_hal_tim.o
LOAD ./Drivers/STM32G4xx_HAL_Driver/Src/stm32g4xx_hal_tim_ex.o
LOAD ./Drivers/STM32G4xx_HAL_Driver/Src/stm32g4xx_hal_uart.o
LOAD ./Drivers/STM32G4xx_HAL_Driver/Src/stm32g4xx_hal_uart_ex.o
START GROUP
LOAD C:/ST/STM32CubeIDE_1.12.0/STM32CubeIDE/plugins/com.st.stm32cube.ide.mcu.externaltools.gnu-tools-for-stm32.11.3.rel1.win32_1.1.100.202309141235/tools/bin/../lib/gcc/arm-none-eabi/11.3.1/../../../../arm-none-eabi/lib/thumb/v7e-m+fp/hard\libc_nano.a
LOAD C:/ST/STM32CubeIDE_1.12.0/STM32CubeIDE/plugins/com.st.stm32cube.ide.mcu.externaltools.gnu-tools-for-stm32.11.3.rel1.win32_1.1.100.202309141235/tools/bin/../lib/gcc/arm-none-eabi/11.3.1/../../../../arm-none-eabi/lib/thumb/v7e-m+fp/hard\libm.a
END GROUP
START GROUP
LOAD C:/ST/STM32CubeIDE_1.12.0/STM32CubeIDE/plugins/com.st.stm32cube.ide.mcu.externaltools.gnu-tools-for-stm32.11.3.rel1.win32_1.1.100.202309141235/tools/bin/../lib/gcc/arm-none-eabi/11.3.1/thumb/v7e-m+fp/hard\libgcc.a
LOAD C:/ST/STM32CubeIDE_1.12.0/STM32CubeIDE/plugins/com.st.stm32cube.ide.mcu.externaltools.gnu-tools-for-stm32.11.3.rel1.win32_1.1.100.202309141235/tools/bin/../lib/gcc/arm-none-eabi/11.3.1/../../../../arm-none-eabi/lib/thumb/v7e-m+fp/hard\libc_nano.a
END GROUP
START GROUP
LOAD C:/ST/STM32CubeIDE_1.12.0/STM32CubeIDE/plugins/com.st.stm32cube.ide.mcu.externaltools.gnu-tools-for-stm32.11.3.rel1.win32_1.1.100.202309141235/tools/bin/../lib/gcc/arm-none-eabi/11.3.1/thumb/v7e-m+fp/hard\libgcc.a
LOAD C:/ST/STM32CubeIDE_1.12.0/STM32CubeIDE/plugins/com.st.stm32cube.ide.mcu.externaltools.gnu-tools-for-stm32.11.3.rel1.win32_1.1.100.202309141235/tools/bin/../lib/gcc/arm-none-eabi/11.3.1/../../../../arm-none-eabi/lib/thumb/v7e-m+fp/hard\libc_nano.a
LOAD C:/ST/STM32CubeIDE_1.12.0/STM32CubeIDE/plugins/com.st.stm32cube.ide.mcu.externaltools.gnu-tools-for-stm32.11.3.rel1.win32_1.1.100.202309141235/tools/bin/../lib/gcc/arm-none-eabi/11.3.1/../../../../arm-none-eabi/lib/thumb/v7e-m+fp/hard\libnosys.a
END GROUP
START GROUP
LOAD C:/ST/STM32CubeIDE_1.12.0/STM32CubeIDE/plugins/com.st.stm32cube.ide.mcu.externaltools.gnu-tools-for-stm32.11.3.rel1.win32_1.1.100.202309141235/tools/bin/../lib/gcc/arm-none-eabi/11.3.1/thumb/v7e-m+fp/hard\libgcc.a
LOAD C:/ST/STM32CubeIDE_1.12.0/STM32CubeIDE/plugins/com.st.stm32cube.ide.mcu.externaltools.gnu-tools-for-stm32.11.3.rel1.win32_1.1.100.202309141235/tools/bin/../lib/gcc/arm-none-eabi/11.3.1/../../../../arm-none-eabi/lib/thumb/v7e-m+fp/hard\libc_nano.a
LOAD C:/ST/STM32CubeIDE_1.12.0/STM32CubeIDE/plugins/com.st.stm32cube.ide.mcu.externaltools.gnu-tools-for-stm32.11.3.rel1.win32_1.1.100.202309141235/tools/bin/../lib/gcc/arm-none-eabi/11.3.1/../../../../arm-none-eabi/lib/thumb/v7e-m+fp/hard\libnosys.a
END GROUP
LOAD C:/ST/STM32CubeIDE_1.12.0/STM32CubeIDE/plugins/com.st.stm32cube.ide.mcu.externaltools.gnu-tools-for-stm32.11.3.rel1.win32_1.1.100.202309141235/tools/bin/../lib/gcc/arm-none-eabi/11.3.1/thumb/v7e-m+fp/hard/crtend.o
LOAD C:/ST/STM32CubeIDE_1.12.0/STM32CubeIDE/plugins/com.st.stm32cube.ide.mcu.externaltools.gnu-tools-for-stm32.11.3.rel1.win32_1.1.100.202309141235/tools/bin/../lib/gcc/arm-none-eabi/11.3.1/thumb/v7e-m+fp/hard/crtn.o
                0x0000000020020000                _estack = (ORIGIN (RAM) + LENGTH (RAM))
                0x0000000000000200                _Min_Heap_Size = 0x200
                0x0000000000000400                _Min_Stack_Size = 0x400

.isr_vector     0x0000000008000000      0x1d8
                0x0000000008000000                . = ALIGN (0x4)
 *(.isr_vector)
 .isr_vector    0x0000000008000000      0x1d8 ./Core/Startup/startup_stm32g474retx.o
                0x0000000008000000                g_pfnVectors
                0x00000000080001d8                . = ALIGN (0x4)

.text           0x00000000080001d8     0x6e28
                0x00000000080001d8                . = ALIGN (0x4)
 *(.text)
 .text          0x00000000080001d8       0x40 C:/ST/STM32CubeIDE_1.12.0/STM32CubeIDE/plugins/com.st.stm32cube.ide.mcu.externaltools.gnu-tools-for-stm32.11.3.rel1.win32_1.1.100.202309141235/tools/bin/../lib/gcc/arm-none-eabi/11.3.1/thumb/v7e-m+fp/hard/crtbegin.o
 .text          0x0000000008000218       0x30 C:/ST/STM32CubeIDE_1.12.0/STM32CubeIDE/plugins/com.st.stm32cube.ide.mcu.externaltools.gnu-tools-for-stm32.11.3.rel1.win32_1.1.100.202309141235/tools/bin/../lib/gcc/arm-none-eabi/11.3.1/thumb/v7e-m+fp/hard\libgcc.a(_aeabi_uldivmod.o)
                0x0000000008000218                __aeabi_uldivmod
 .text          0x0000000008000248      0x2c8 C:/ST/STM32CubeIDE_1.12.0/STM32CubeIDE/plugins/com.st.stm32cube.ide.mcu.externaltools.gnu-tools-for-stm32.11.3.rel1.win32_1.1.100.202309141235/tools/bin/../lib/gcc/arm-none-eabi/11.3.1/thumb/v7e-m+fp/hard\libgcc.a(_udivmoddi4.o)
                0x0000000008000248                __udivmoddi4
 .text          0x0000000008000510        0x4 C:/ST/STM32CubeIDE_1.12.0/STM32CubeIDE/plugins/com.st.stm32cube.ide.mcu.externaltools.gnu-tools-for-stm32.11.3.rel1.win32_1.1.100.202309141235/tools/bin/../lib/gcc/arm-none-eabi/11.3.1/thumb/v7e-m+fp/hard\libgcc.a(_dvmd_tls.o)
                0x0000000008000510                __aeabi_idiv0
                0x0000000008000510                __aeabi_ldiv0
 *(.text*)
 .text.modbus_1t5_Timeout
                0x0000000008000514       0x20 ./Core/Src/ModBusRTU.o
                0x0000000008000514                modbus_1t5_Timeout
 .text.modbus_3t5_Timeout
                0x0000000008000534       0x20 ./Core/Src/ModBusRTU.o
                0x0000000008000534                modbus_3t5_Timeout
 .text.modbus_UART_Recived
                0x0000000008000554       0x64 ./Core/Src/ModBusRTU.o
                0x0000000008000554                modbus_UART_Recived
 .text.Modbus_init
                0x00000000080005b8       0xac ./Core/Src/ModBusRTU.o
                0x00000000080005b8                Modbus_init
 .text.CRC16    0x0000000008000664       0x6c ./Core/Src/ModBusRTU.o
                0x0000000008000664                CRC16
 .text.Modbus_Protocal_Worker
                0x00000000080006d0      0x20c ./Core/Src/ModBusRTU.o
                0x00000000080006d0                Modbus_Protocal_Worker
 .text.modbusWrite1Register
                0x00000000080008dc       0x84 ./Core/Src/ModBusRTU.o
                0x00000000080008dc                modbusWrite1Register
 .text.modbusRead1Register
                0x0000000008000960       0xf4 ./Core/Src/ModBusRTU.o
                0x0000000008000960                modbusRead1Register
 .text.ModbusErrorReply
                0x0000000008000a54       0x44 ./Core/Src/ModBusRTU.o
                0x0000000008000a54                ModbusErrorReply
 .text.Modbus_frame_response
                0x0000000008000a98       0x30 ./Core/Src/ModBusRTU.o
                0x0000000008000a98                Modbus_frame_response
 .text.Modbus_Emission
                0x0000000008000ac8       0xfc ./Core/Src/ModBusRTU.o
                0x0000000008000ac8                Modbus_Emission
 .text.main     0x0000000008000bc4       0x60 ./Core/Src/main.o
                0x0000000008000bc4                main
 .text.SystemClock_Config
                0x0000000008000c24       0x96 ./Core/Src/main.o
                0x0000000008000c24                SystemClock_Config
 *fill*         0x0000000008000cba        0x2 
 .text.MX_TIM16_Init
                0x0000000008000cbc      0x100 ./Core/Src/main.o
 .text.MX_USART2_UART_Init
                0x0000000008000dbc       0x9c ./Core/Src/main.o
 .text.MX_DMA_Init
                0x0000000008000e58       0x54 ./Core/Src/main.o
 .text.MX_GPIO_Init
                0x0000000008000eac       0xdc ./Core/Src/main.o
 .text.Error_Handler
                0x0000000008000f88        0xa ./Core/Src/main.o
                0x0000000008000f88                Error_Handler
 *fill*         0x0000000008000f92        0x2 
 .text.HAL_MspInit
                0x0000000008000f94       0x48 ./Core/Src/stm32g4xx_hal_msp.o
                0x0000000008000f94                HAL_MspInit
 .text.HAL_TIM_Base_MspInit
                0x0000000008000fdc       0x4c ./Core/Src/stm32g4xx_hal_msp.o
                0x0000000008000fdc                HAL_TIM_Base_MspInit
 .text.HAL_UART_MspInit
                0x0000000008001028      0x118 ./Core/Src/stm32g4xx_hal_msp.o
                0x0000000008001028                HAL_UART_MspInit
 .text.NMI_Handler
                0x0000000008001140        0x6 ./Core/Src/stm32g4xx_it.o
                0x0000000008001140                NMI_Handler
 .text.HardFault_Handler
                0x0000000008001146        0x6 ./Core/Src/stm32g4xx_it.o
                0x0000000008001146                HardFault_Handler
 .text.MemManage_Handler
                0x000000000800114c        0x6 ./Core/Src/stm32g4xx_it.o
                0x000000000800114c                MemManage_Handler
 .text.BusFault_Handler
                0x0000000008001152        0x6 ./Core/Src/stm32g4xx_it.o
                0x0000000008001152                BusFault_Handler
 .text.UsageFault_Handler
                0x0000000008001158        0x6 ./Core/Src/stm32g4xx_it.o
                0x0000000008001158                UsageFault_Handler
 .text.SVC_Handler
                0x000000000800115e        0xe ./Core/Src/stm32g4xx_it.o
                0x000000000800115e                SVC_Handler
 .text.DebugMon_Handler
                0x000000000800116c        0xe ./Core/Src/stm32g4xx_it.o
                0x000000000800116c                DebugMon_Handler
 .text.PendSV_Handler
                0x000000000800117a        0xe ./Core/Src/stm32g4xx_it.o
                0x000000000800117a                PendSV_Handler
 .text.SysTick_Handler
                0x0000000008001188        0xc ./Core/Src/stm32g4xx_it.o
                0x0000000008001188                SysTick_Handler
 .text.DMA1_Channel1_IRQHandler
                0x0000000008001194       0x14 ./Core/Src/stm32g4xx_it.o
                0x0000000008001194                DMA1_Channel1_IRQHandler
 .text.TIM1_UP_TIM16_IRQHandler
                0x00000000080011a8       0x14 ./Core/Src/stm32g4xx_it.o
                0x00000000080011a8                TIM1_UP_TIM16_IRQHandler
 .text.USART2_IRQHandler
                0x00000000080011bc       0x14 ./Core/Src/stm32g4xx_it.o
                0x00000000080011bc                USART2_IRQHandler
 .text.EXTI15_10_IRQHandler
                0x00000000080011d0       0x10 ./Core/Src/stm32g4xx_it.o
                0x00000000080011d0                EXTI15_10_IRQHandler
 .text.SystemInit
                0x00000000080011e0       0x24 ./Core/Src/system_stm32g4xx.o
                0x00000000080011e0                SystemInit
 .text.Reset_Handler
                0x0000000008001204       0x50 ./Core/Startup/startup_stm32g474retx.o
                0x0000000008001204                Reset_Handler
 .text.Default_Handler
                0x0000000008001254        0x2 ./Core/Startup/startup_stm32g474retx.o
                0x0000000008001254                RTC_Alarm_IRQHandler
                0x0000000008001254                EXTI2_IRQHandler
                0x0000000008001254                TIM8_TRG_COM_IRQHandler
                0x0000000008001254                TIM8_CC_IRQHandler
                0x0000000008001254                HRTIM1_Master_IRQHandler
                0x0000000008001254                SPI4_IRQHandler
                0x0000000008001254                FDCAN3_IT0_IRQHandler
                0x0000000008001254                TIM1_CC_IRQHandler
                0x0000000008001254                HRTIM1_FLT_IRQHandler
                0x0000000008001254                HRTIM1_TIMF_IRQHandler
                0x0000000008001254                USB_HP_IRQHandler
                0x0000000008001254                CORDIC_IRQHandler
                0x0000000008001254                HRTIM1_TIMD_IRQHandler
                0x0000000008001254                DMA2_Channel8_IRQHandler
                0x0000000008001254                EXTI3_IRQHandler
                0x0000000008001254                I2C3_ER_IRQHandler
                0x0000000008001254                EXTI0_IRQHandler
                0x0000000008001254                I2C2_EV_IRQHandler
                0x0000000008001254                FPU_IRQHandler
                0x0000000008001254                FDCAN1_IT1_IRQHandler
                0x0000000008001254                ADC1_2_IRQHandler
                0x0000000008001254                HRTIM1_TIME_IRQHandler
                0x0000000008001254                SPI1_IRQHandler
                0x0000000008001254                TIM6_DAC_IRQHandler
                0x0000000008001254                HRTIM1_TIMC_IRQHandler
                0x0000000008001254                TIM8_UP_IRQHandler
                0x0000000008001254                DMA2_Channel2_IRQHandler
                0x0000000008001254                DMA1_Channel4_IRQHandler
                0x0000000008001254                TIM20_TRG_COM_IRQHandler
                0x0000000008001254                USART3_IRQHandler
                0x0000000008001254                DMA1_Channel7_IRQHandler
                0x0000000008001254                UART5_IRQHandler
                0x0000000008001254                ADC3_IRQHandler
                0x0000000008001254                TIM4_IRQHandler
                0x0000000008001254                DMA2_Channel1_IRQHandler
                0x0000000008001254                QUADSPI_IRQHandler
                0x0000000008001254                I2C1_EV_IRQHandler
                0x0000000008001254                DMA1_Channel6_IRQHandler
                0x0000000008001254                UART4_IRQHandler
                0x0000000008001254                DMA2_Channel4_IRQHandler
                0x0000000008001254                TIM3_IRQHandler
                0x0000000008001254                RCC_IRQHandler
                0x0000000008001254                TIM20_UP_IRQHandler
                0x0000000008001254                Default_Handler
                0x0000000008001254                DMA2_Channel7_IRQHandler
                0x0000000008001254                RTC_TAMP_LSECSS_IRQHandler
                0x0000000008001254                FMAC_IRQHandler
                0x0000000008001254                DMA1_Channel8_IRQHandler
                0x0000000008001254                HRTIM1_TIMA_IRQHandler
                0x0000000008001254                TIM7_DAC_IRQHandler
                0x0000000008001254                FDCAN3_IT1_IRQHandler
                0x0000000008001254                TIM5_IRQHandler
                0x0000000008001254                UCPD1_IRQHandler
                0x0000000008001254                I2C3_EV_IRQHandler
                0x0000000008001254                EXTI9_5_IRQHandler
                0x0000000008001254                RTC_WKUP_IRQHandler
                0x0000000008001254                PVD_PVM_IRQHandler
                0x0000000008001254                SPI2_IRQHandler
                0x0000000008001254                ADC5_IRQHandler
                0x0000000008001254                DMA2_Channel5_IRQHandler
                0x0000000008001254                CRS_IRQHandler
                0x0000000008001254                DMA1_Channel5_IRQHandler
                0x0000000008001254                USB_LP_IRQHandler
                0x0000000008001254                EXTI4_IRQHandler
                0x0000000008001254                RNG_IRQHandler
                0x0000000008001254                HRTIM1_TIMB_IRQHandler
                0x0000000008001254                TIM1_TRG_COM_TIM17_IRQHandler
                0x0000000008001254                FDCAN2_IT1_IRQHandler
                0x0000000008001254                DMA1_Channel3_IRQHandler
                0x0000000008001254                ADC4_IRQHandler
                0x0000000008001254                WWDG_IRQHandler
                0x0000000008001254                I2C4_EV_IRQHandler
                0x0000000008001254                FDCAN2_IT0_IRQHandler
                0x0000000008001254                LPUART1_IRQHandler
                0x0000000008001254                DMA2_Channel6_IRQHandler
                0x0000000008001254                FDCAN1_IT0_IRQHandler
                0x0000000008001254                TIM2_IRQHandler
                0x0000000008001254                COMP7_IRQHandler
                0x0000000008001254                COMP1_2_3_IRQHandler
                0x0000000008001254                EXTI1_IRQHandler
                0x0000000008001254                COMP4_5_6_IRQHandler
                0x0000000008001254                TIM20_BRK_IRQHandler
                0x0000000008001254                I2C2_ER_IRQHandler
                0x0000000008001254                DMA1_Channel2_IRQHandler
                0x0000000008001254                TIM8_BRK_IRQHandler
                0x0000000008001254                FLASH_IRQHandler
                0x0000000008001254                TIM20_CC_IRQHandler
                0x0000000008001254                USART1_IRQHandler
                0x0000000008001254                SPI3_IRQHandler
                0x0000000008001254                I2C1_ER_IRQHandler
                0x0000000008001254                FMC_IRQHandler
                0x0000000008001254                LPTIM1_IRQHandler
                0x0000000008001254                DMAMUX_OVR_IRQHandler
                0x0000000008001254                I2C4_ER_IRQHandler
                0x0000000008001254                USBWakeUp_IRQHandler
                0x0000000008001254                SAI1_IRQHandler
                0x0000000008001254                DMA2_Channel3_IRQHandler
                0x0000000008001254                TIM1_BRK_TIM15_IRQHandler
 .text.HAL_Init
                0x0000000008001256       0x30 ./Drivers/STM32G4xx_HAL_Driver/Src/stm32g4xx_hal.o
                0x0000000008001256                HAL_Init
 *fill*         0x0000000008001286        0x2 
 .text.HAL_InitTick
                0x0000000008001288       0x74 ./Drivers/STM32G4xx_HAL_Driver/Src/stm32g4xx_hal.o
                0x0000000008001288                HAL_InitTick
 .text.HAL_IncTick
                0x00000000080012fc       0x24 ./Drivers/STM32G4xx_HAL_Driver/Src/stm32g4xx_hal.o
                0x00000000080012fc                HAL_IncTick
 .text.HAL_GetTick
                0x0000000008001320       0x18 ./Drivers/STM32G4xx_HAL_Driver/Src/stm32g4xx_hal.o
                0x0000000008001320                HAL_GetTick
 .text.__NVIC_SetPriorityGrouping
                0x0000000008001338       0x48 ./Drivers/STM32G4xx_HAL_Driver/Src/stm32g4xx_hal_cortex.o
 .text.__NVIC_GetPriorityGrouping
                0x0000000008001380       0x1c ./Drivers/STM32G4xx_HAL_Driver/Src/stm32g4xx_hal_cortex.o
 .text.__NVIC_EnableIRQ
                0x000000000800139c       0x3c ./Drivers/STM32G4xx_HAL_Driver/Src/stm32g4xx_hal_cortex.o
 .text.__NVIC_SetPriority
                0x00000000080013d8       0x54 ./Drivers/STM32G4xx_HAL_Driver/Src/stm32g4xx_hal_cortex.o
 .text.NVIC_EncodePriority
                0x000000000800142c       0x66 ./Drivers/STM32G4xx_HAL_Driver/Src/stm32g4xx_hal_cortex.o
 *fill*         0x0000000008001492        0x2 
 .text.SysTick_Config
                0x0000000008001494       0x44 ./Drivers/STM32G4xx_HAL_Driver/Src/stm32g4xx_hal_cortex.o
 .text.HAL_NVIC_SetPriorityGrouping
                0x00000000080014d8       0x16 ./Drivers/STM32G4xx_HAL_Driver/Src/stm32g4xx_hal_cortex.o
                0x00000000080014d8                HAL_NVIC_SetPriorityGrouping
 .text.HAL_NVIC_SetPriority
                0x00000000080014ee       0x34 ./Drivers/STM32G4xx_HAL_Driver/Src/stm32g4xx_hal_cortex.o
                0x00000000080014ee                HAL_NVIC_SetPriority
 .text.HAL_NVIC_EnableIRQ
                0x0000000008001522       0x1c ./Drivers/STM32G4xx_HAL_Driver/Src/stm32g4xx_hal_cortex.o
                0x0000000008001522                HAL_NVIC_EnableIRQ
 .text.HAL_SYSTICK_Config
                0x000000000800153e       0x18 ./Drivers/STM32G4xx_HAL_Driver/Src/stm32g4xx_hal_cortex.o
                0x000000000800153e                HAL_SYSTICK_Config
 *fill*         0x0000000008001556        0x2 
 .text.HAL_DMA_Init
                0x0000000008001558      0x150 ./Drivers/STM32G4xx_HAL_Driver/Src/stm32g4xx_hal_dma.o
                0x0000000008001558                HAL_DMA_Init
 .text.HAL_DMA_Start_IT
                0x00000000080016a8       0xf6 ./Drivers/STM32G4xx_HAL_Driver/Src/stm32g4xx_hal_dma.o
                0x00000000080016a8                HAL_DMA_Start_IT
 .text.HAL_DMA_Abort
                0x000000000800179e       0xb2 ./Drivers/STM32G4xx_HAL_Driver/Src/stm32g4xx_hal_dma.o
                0x000000000800179e                HAL_DMA_Abort
 .text.HAL_DMA_Abort_IT
                0x0000000008001850       0xce ./Drivers/STM32G4xx_HAL_Driver/Src/stm32g4xx_hal_dma.o
                0x0000000008001850                HAL_DMA_Abort_IT
 .text.HAL_DMA_IRQHandler
                0x000000000800191e      0x15e ./Drivers/STM32G4xx_HAL_Driver/Src/stm32g4xx_hal_dma.o
                0x000000000800191e                HAL_DMA_IRQHandler
 .text.HAL_DMA_GetError
                0x0000000008001a7c       0x18 ./Drivers/STM32G4xx_HAL_Driver/Src/stm32g4xx_hal_dma.o
                0x0000000008001a7c                HAL_DMA_GetError
 .text.DMA_SetConfig
                0x0000000008001a94       0x7c ./Drivers/STM32G4xx_HAL_Driver/Src/stm32g4xx_hal_dma.o
 .text.DMA_CalcDMAMUXChannelBaseAndMask
                0x0000000008001b10       0x7c ./Drivers/STM32G4xx_HAL_Driver/Src/stm32g4xx_hal_dma.o
 .text.DMA_CalcDMAMUXRequestGenBaseAndMask
                0x0000000008001b8c       0x48 ./Drivers/STM32G4xx_HAL_Driver/Src/stm32g4xx_hal_dma.o
 .text.HAL_GPIO_Init
                0x0000000008001bd4      0x304 ./Drivers/STM32G4xx_HAL_Driver/Src/stm32g4xx_hal_gpio.o
                0x0000000008001bd4                HAL_GPIO_Init
 .text.HAL_GPIO_WritePin
                0x0000000008001ed8       0x30 ./Drivers/STM32G4xx_HAL_Driver/Src/stm32g4xx_hal_gpio.o
                0x0000000008001ed8                HAL_GPIO_WritePin
 .text.HAL_GPIO_EXTI_IRQHandler
                0x0000000008001f08       0x30 ./Drivers/STM32G4xx_HAL_Driver/Src/stm32g4xx_hal_gpio.o
                0x0000000008001f08                HAL_GPIO_EXTI_IRQHandler
 .text.HAL_GPIO_EXTI_Callback
                0x0000000008001f38       0x16 ./Drivers/STM32G4xx_HAL_Driver/Src/stm32g4xx_hal_gpio.o
                0x0000000008001f38                HAL_GPIO_EXTI_Callback
 *fill*         0x0000000008001f4e        0x2 
 .text.HAL_PWREx_ControlVoltageScaling
                0x0000000008001f50      0x148 ./Drivers/STM32G4xx_HAL_Driver/Src/stm32g4xx_hal_pwr_ex.o
                0x0000000008001f50                HAL_PWREx_ControlVoltageScaling
 .text.HAL_PWREx_DisableUCPDDeadBattery
                0x0000000008002098       0x20 ./Drivers/STM32G4xx_HAL_Driver/Src/stm32g4xx_hal_pwr_ex.o
                0x0000000008002098                HAL_PWREx_DisableUCPDDeadBattery
 .text.HAL_RCC_OscConfig
                0x00000000080020b8      0x624 ./Drivers/STM32G4xx_HAL_Driver/Src/stm32g4xx_hal_rcc.o
                0x00000000080020b8                HAL_RCC_OscConfig
 .text.HAL_RCC_ClockConfig
                0x00000000080026dc      0x278 ./Drivers/STM32G4xx_HAL_Driver/Src/stm32g4xx_hal_rcc.o
                0x00000000080026dc                HAL_RCC_ClockConfig
 .text.HAL_RCC_GetSysClockFreq
                0x0000000008002954       0xc4 ./Drivers/STM32G4xx_HAL_Driver/Src/stm32g4xx_hal_rcc.o
                0x0000000008002954                HAL_RCC_GetSysClockFreq
 .text.HAL_RCC_GetHCLKFreq
                0x0000000008002a18       0x18 ./Drivers/STM32G4xx_HAL_Driver/Src/stm32g4xx_hal_rcc.o
                0x0000000008002a18                HAL_RCC_GetHCLKFreq
 .text.HAL_RCC_GetPCLK1Freq
                0x0000000008002a30       0x2c ./Drivers/STM32G4xx_HAL_Driver/Src/stm32g4xx_hal_rcc.o
                0x0000000008002a30                HAL_RCC_GetPCLK1Freq
 .text.HAL_RCC_GetPCLK2Freq
                0x0000000008002a5c       0x2c ./Drivers/STM32G4xx_HAL_Driver/Src/stm32g4xx_hal_rcc.o
                0x0000000008002a5c                HAL_RCC_GetPCLK2Freq
 .text.RCC_GetSysClockFreqFromPLLSource
                0x0000000008002a88       0x8c ./Drivers/STM32G4xx_HAL_Driver/Src/stm32g4xx_hal_rcc.o
 .text.HAL_RCCEx_PeriphCLKConfig
                0x0000000008002b14      0x49c ./Drivers/STM32G4xx_HAL_Driver/Src/stm32g4xx_hal_rcc_ex.o
                0x0000000008002b14                HAL_RCCEx_PeriphCLKConfig
 .text.HAL_TIM_Base_Init
                0x0000000008002fb0       0xc8 ./Drivers/STM32G4xx_HAL_Driver/Src/stm32g4xx_hal_tim.o
                0x0000000008002fb0                HAL_TIM_Base_Init
 .text.HAL_TIM_Base_Start_IT
                0x0000000008003078       0xf0 ./Drivers/STM32G4xx_HAL_Driver/Src/stm32g4xx_hal_tim.o
                0x0000000008003078                HAL_TIM_Base_Start_IT
 .text.HAL_TIM_OC_Init
                0x0000000008003168       0xc8 ./Drivers/STM32G4xx_HAL_Driver/Src/stm32g4xx_hal_tim.o
                0x0000000008003168                HAL_TIM_OC_Init
 .text.HAL_TIM_OC_MspInit
                0x0000000008003230       0x14 ./Drivers/STM32G4xx_HAL_Driver/Src/stm32g4xx_hal_tim.o
                0x0000000008003230                HAL_TIM_OC_MspInit
 .text.HAL_TIM_OnePulse_Init
                0x0000000008003244       0xbc ./Drivers/STM32G4xx_HAL_Driver/Src/stm32g4xx_hal_tim.o
                0x0000000008003244                HAL_TIM_OnePulse_Init
 .text.HAL_TIM_OnePulse_MspInit
                0x0000000008003300       0x14 ./Drivers/STM32G4xx_HAL_Driver/Src/stm32g4xx_hal_tim.o
                0x0000000008003300                HAL_TIM_OnePulse_MspInit
 .text.HAL_TIM_OnePulse_Start_IT
                0x0000000008003314      0x11c ./Drivers/STM32G4xx_HAL_Driver/Src/stm32g4xx_hal_tim.o
                0x0000000008003314                HAL_TIM_OnePulse_Start_IT
 .text.HAL_TIM_IRQHandler
                0x0000000008003430      0x2f2 ./Drivers/STM32G4xx_HAL_Driver/Src/stm32g4xx_hal_tim.o
                0x0000000008003430                HAL_TIM_IRQHandler
 *fill*         0x0000000008003722        0x2 
 .text.HAL_TIM_OC_ConfigChannel
                0x0000000008003724       0xf4 ./Drivers/STM32G4xx_HAL_Driver/Src/stm32g4xx_hal_tim.o
                0x0000000008003724                HAL_TIM_OC_ConfigChannel
 .text.HAL_TIM_PeriodElapsedCallback
                0x0000000008003818       0x14 ./Drivers/STM32G4xx_HAL_Driver/Src/stm32g4xx_hal_tim.o
                0x0000000008003818                HAL_TIM_PeriodElapsedCallback
 .text.HAL_TIM_PeriodElapsedHalfCpltCallback
                0x000000000800382c       0x14 ./Drivers/STM32G4xx_HAL_Driver/Src/stm32g4xx_hal_tim.o
                0x000000000800382c                HAL_TIM_PeriodElapsedHalfCpltCallback
 .text.HAL_TIM_OC_DelayElapsedCallback
                0x0000000008003840       0x14 ./Drivers/STM32G4xx_HAL_Driver/Src/stm32g4xx_hal_tim.o
                0x0000000008003840                HAL_TIM_OC_DelayElapsedCallback
 .text.HAL_TIM_IC_CaptureCallback
                0x0000000008003854       0x14 ./Drivers/STM32G4xx_HAL_Driver/Src/stm32g4xx_hal_tim.o
                0x0000000008003854                HAL_TIM_IC_CaptureCallback
 .text.HAL_TIM_IC_CaptureHalfCpltCallback
                0x0000000008003868       0x14 ./Drivers/STM32G4xx_HAL_Driver/Src/stm32g4xx_hal_tim.o
                0x0000000008003868                HAL_TIM_IC_CaptureHalfCpltCallback
 .text.HAL_TIM_PWM_PulseFinishedCallback
                0x000000000800387c       0x14 ./Drivers/STM32G4xx_HAL_Driver/Src/stm32g4xx_hal_tim.o
                0x000000000800387c                HAL_TIM_PWM_PulseFinishedCallback
 .text.HAL_TIM_PWM_PulseFinishedHalfCpltCallback
                0x0000000008003890       0x14 ./Drivers/STM32G4xx_HAL_Driver/Src/stm32g4xx_hal_tim.o
                0x0000000008003890                HAL_TIM_PWM_PulseFinishedHalfCpltCallback
 .text.HAL_TIM_TriggerCallback
                0x00000000080038a4       0x14 ./Drivers/STM32G4xx_HAL_Driver/Src/stm32g4xx_hal_tim.o
                0x00000000080038a4                HAL_TIM_TriggerCallback
 .text.HAL_TIM_TriggerHalfCpltCallback
                0x00000000080038b8       0x14 ./Drivers/STM32G4xx_HAL_Driver/Src/stm32g4xx_hal_tim.o
                0x00000000080038b8                HAL_TIM_TriggerHalfCpltCallback
 .text.HAL_TIM_ErrorCallback
                0x00000000080038cc       0x14 ./Drivers/STM32G4xx_HAL_Driver/Src/stm32g4xx_hal_tim.o
                0x00000000080038cc                HAL_TIM_ErrorCallback
 .text.HAL_TIM_RegisterCallback
                0x00000000080038e0      0x2c0 ./Drivers/STM32G4xx_HAL_Driver/Src/stm32g4xx_hal_tim.o
                0x00000000080038e0                HAL_TIM_RegisterCallback
 .text.TIM_Base_SetConfig
                0x0000000008003ba0      0x168 ./Drivers/STM32G4xx_HAL_Driver/Src/stm32g4xx_hal_tim.o
                0x0000000008003ba0                TIM_Base_SetConfig
 .text.TIM_OC1_SetConfig
                0x0000000008003d08      0x134 ./Drivers/STM32G4xx_HAL_Driver/Src/stm32g4xx_hal_tim.o
 .text.TIM_OC2_SetConfig
                0x0000000008003e3c      0x128 ./Drivers/STM32G4xx_HAL_Driver/Src/stm32g4xx_hal_tim.o
                0x0000000008003e3c                TIM_OC2_SetConfig
 .text.TIM_OC3_SetConfig
                0x0000000008003f64      0x124 ./Drivers/STM32G4xx_HAL_Driver/Src/stm32g4xx_hal_tim.o
 .text.TIM_OC4_SetConfig
                0x0000000008004088      0x128 ./Drivers/STM32G4xx_HAL_Driver/Src/stm32g4xx_hal_tim.o
 .text.TIM_OC5_SetConfig
                0x00000000080041b0       0xd4 ./Drivers/STM32G4xx_HAL_Driver/Src/stm32g4xx_hal_tim.o
 .text.TIM_OC6_SetConfig
                0x0000000008004284       0xd8 ./Drivers/STM32G4xx_HAL_Driver/Src/stm32g4xx_hal_tim.o
 .text.TIM_CCxChannelCmd
                0x000000000800435c       0x4a ./Drivers/STM32G4xx_HAL_Driver/Src/stm32g4xx_hal_tim.o
                0x000000000800435c                TIM_CCxChannelCmd
 *fill*         0x00000000080043a6        0x2 
 .text.TIM_ResetCallback
                0x00000000080043a8       0xec ./Drivers/STM32G4xx_HAL_Driver/Src/stm32g4xx_hal_tim.o
                0x00000000080043a8                TIM_ResetCallback
 .text.HAL_TIMEx_ConfigBreakDeadTime
                0x0000000008004494      0x128 ./Drivers/STM32G4xx_HAL_Driver/Src/stm32g4xx_hal_tim_ex.o
                0x0000000008004494                HAL_TIMEx_ConfigBreakDeadTime
 .text.HAL_TIMEx_CommutCallback
                0x00000000080045bc       0x14 ./Drivers/STM32G4xx_HAL_Driver/Src/stm32g4xx_hal_tim_ex.o
                0x00000000080045bc                HAL_TIMEx_CommutCallback
 .text.HAL_TIMEx_CommutHalfCpltCallback
                0x00000000080045d0       0x14 ./Drivers/STM32G4xx_HAL_Driver/Src/stm32g4xx_hal_tim_ex.o
                0x00000000080045d0                HAL_TIMEx_CommutHalfCpltCallback
 .text.HAL_TIMEx_BreakCallback
                0x00000000080045e4       0x14 ./Drivers/STM32G4xx_HAL_Driver/Src/stm32g4xx_hal_tim_ex.o
                0x00000000080045e4                HAL_TIMEx_BreakCallback
 .text.HAL_TIMEx_Break2Callback
                0x00000000080045f8       0x14 ./Drivers/STM32G4xx_HAL_Driver/Src/stm32g4xx_hal_tim_ex.o
                0x00000000080045f8                HAL_TIMEx_Break2Callback
 .text.HAL_TIMEx_EncoderIndexCallback
                0x000000000800460c       0x14 ./Drivers/STM32G4xx_HAL_Driver/Src/stm32g4xx_hal_tim_ex.o
                0x000000000800460c                HAL_TIMEx_EncoderIndexCallback
 .text.HAL_TIMEx_DirectionChangeCallback
                0x0000000008004620       0x14 ./Drivers/STM32G4xx_HAL_Driver/Src/stm32g4xx_hal_tim_ex.o
                0x0000000008004620                HAL_TIMEx_DirectionChangeCallback
 .text.HAL_TIMEx_IndexErrorCallback
                0x0000000008004634       0x14 ./Drivers/STM32G4xx_HAL_Driver/Src/stm32g4xx_hal_tim_ex.o
                0x0000000008004634                HAL_TIMEx_IndexErrorCallback
 .text.HAL_TIMEx_TransitionErrorCallback
                0x0000000008004648       0x14 ./Drivers/STM32G4xx_HAL_Driver/Src/stm32g4xx_hal_tim_ex.o
                0x0000000008004648                HAL_TIMEx_TransitionErrorCallback
 .text.HAL_UART_Init
                0x000000000800465c       0xc0 ./Drivers/STM32G4xx_HAL_Driver/Src/stm32g4xx_hal_uart.o
                0x000000000800465c                HAL_UART_Init
 .text.HAL_UART_RegisterCallback
                0x000000000800471c      0x174 ./Drivers/STM32G4xx_HAL_Driver/Src/stm32g4xx_hal_uart.o
                0x000000000800471c                HAL_UART_RegisterCallback
 .text.HAL_UART_Receive_IT
                0x0000000008004890       0x98 ./Drivers/STM32G4xx_HAL_Driver/Src/stm32g4xx_hal_uart.o
                0x0000000008004890                HAL_UART_Receive_IT
 .text.HAL_UART_Transmit_DMA
                0x0000000008004928      0x100 ./Drivers/STM32G4xx_HAL_Driver/Src/stm32g4xx_hal_uart.o
                0x0000000008004928                HAL_UART_Transmit_DMA
 .text.HAL_UART_AbortReceive
                0x0000000008004a28      0x16a ./Drivers/STM32G4xx_HAL_Driver/Src/stm32g4xx_hal_uart.o
                0x0000000008004a28                HAL_UART_AbortReceive
 *fill*         0x0000000008004b92        0x2 
 .text.HAL_UART_IRQHandler
                0x0000000008004b94      0x668 ./Drivers/STM32G4xx_HAL_Driver/Src/stm32g4xx_hal_uart.o
                0x0000000008004b94                HAL_UART_IRQHandler
 .text.HAL_UART_TxCpltCallback
                0x00000000080051fc       0x14 ./Drivers/STM32G4xx_HAL_Driver/Src/stm32g4xx_hal_uart.o
                0x00000000080051fc                HAL_UART_TxCpltCallback
 .text.HAL_UART_TxHalfCpltCallback
                0x0000000008005210       0x14 ./Drivers/STM32G4xx_HAL_Driver/Src/stm32g4xx_hal_uart.o
                0x0000000008005210                HAL_UART_TxHalfCpltCallback
 .text.HAL_UART_RxCpltCallback
                0x0000000008005224       0x14 ./Drivers/STM32G4xx_HAL_Driver/Src/stm32g4xx_hal_uart.o
                0x0000000008005224                HAL_UART_RxCpltCallback
 .text.HAL_UART_RxHalfCpltCallback
                0x0000000008005238       0x14 ./Drivers/STM32G4xx_HAL_Driver/Src/stm32g4xx_hal_uart.o
                0x0000000008005238                HAL_UART_RxHalfCpltCallback
 .text.HAL_UART_ErrorCallback
                0x000000000800524c       0x14 ./Drivers/STM32G4xx_HAL_Driver/Src/stm32g4xx_hal_uart.o
                0x000000000800524c                HAL_UART_ErrorCallback
 .text.HAL_UART_AbortCpltCallback
                0x0000000008005260       0x14 ./Drivers/STM32G4xx_HAL_Driver/Src/stm32g4xx_hal_uart.o
                0x0000000008005260                HAL_UART_AbortCpltCallback
 .text.HAL_UART_AbortTransmitCpltCallback
                0x0000000008005274       0x14 ./Drivers/STM32G4xx_HAL_Driver/Src/stm32g4xx_hal_uart.o
                0x0000000008005274                HAL_UART_AbortTransmitCpltCallback
 .text.HAL_UART_AbortReceiveCpltCallback
                0x0000000008005288       0x14 ./Drivers/STM32G4xx_HAL_Driver/Src/stm32g4xx_hal_uart.o
                0x0000000008005288                HAL_UART_AbortReceiveCpltCallback
 .text.HAL_UARTEx_RxEventCallback
                0x000000000800529c       0x18 ./Drivers/STM32G4xx_HAL_Driver/Src/stm32g4xx_hal_uart.o
                0x000000000800529c                HAL_UARTEx_RxEventCallback
 .text.HAL_UART_ReceiverTimeout_Config
                0x00000000080052b4       0x38 ./Drivers/STM32G4xx_HAL_Driver/Src/stm32g4xx_hal_uart.o
                0x00000000080052b4                HAL_UART_ReceiverTimeout_Config
 .text.HAL_UART_EnableReceiverTimeout
                0x00000000080052ec       0x74 ./Drivers/STM32G4xx_HAL_Driver/Src/stm32g4xx_hal_uart.o
                0x00000000080052ec                HAL_UART_EnableReceiverTimeout
 .text.UART_InitCallbacksToDefault
                0x0000000008005360       0xa4 ./Drivers/STM32G4xx_HAL_Driver/Src/stm32g4xx_hal_uart.o
                0x0000000008005360                UART_InitCallbacksToDefault
 .text.UART_SetConfig
                0x0000000008005404      0x5f8 ./Drivers/STM32G4xx_HAL_Driver/Src/stm32g4xx_hal_uart.o
                0x0000000008005404                UART_SetConfig
 .text.UART_AdvFeatureConfig
                0x00000000080059fc      0x144 ./Drivers/STM32G4xx_HAL_Driver/Src/stm32g4xx_hal_uart.o
                0x00000000080059fc                UART_AdvFeatureConfig
 .text.UART_CheckIdleState
                0x0000000008005b40      0x154 ./Drivers/STM32G4xx_HAL_Driver/Src/stm32g4xx_hal_uart.o
                0x0000000008005b40                UART_CheckIdleState
 .text.UART_WaitOnFlagUntilTimeout
                0x0000000008005c94       0xda ./Drivers/STM32G4xx_HAL_Driver/Src/stm32g4xx_hal_uart.o
                0x0000000008005c94                UART_WaitOnFlagUntilTimeout
 *fill*         0x0000000008005d6e        0x2 
 .text.UART_Start_Receive_IT
                0x0000000008005d70      0x244 ./Drivers/STM32G4xx_HAL_Driver/Src/stm32g4xx_hal_uart.o
                0x0000000008005d70                UART_Start_Receive_IT
 .text.UART_EndTxTransfer
                0x0000000008005fb4       0x82 ./Drivers/STM32G4xx_HAL_Driver/Src/stm32g4xx_hal_uart.o
 .text.UART_EndRxTransfer
                0x0000000008006036       0xcc ./Drivers/STM32G4xx_HAL_Driver/Src/stm32g4xx_hal_uart.o
 .text.UART_DMATransmitCplt
                0x0000000008006102       0x9e ./Drivers/STM32G4xx_HAL_Driver/Src/stm32g4xx_hal_uart.o
 .text.UART_DMATxHalfCplt
                0x00000000080061a0       0x20 ./Drivers/STM32G4xx_HAL_Driver/Src/stm32g4xx_hal_uart.o
 .text.UART_DMAError
                0x00000000080061c0       0x84 ./Drivers/STM32G4xx_HAL_Driver/Src/stm32g4xx_hal_uart.o
 .text.UART_DMAAbortOnError
                0x0000000008006244       0x30 ./Drivers/STM32G4xx_HAL_Driver/Src/stm32g4xx_hal_uart.o
 .text.UART_EndTransmit_IT
                0x0000000008006274       0x5a ./Drivers/STM32G4xx_HAL_Driver/Src/stm32g4xx_hal_uart.o
 *fill*         0x00000000080062ce        0x2 
 .text.UART_RxISR_8BIT
                0x00000000080062d0      0x1c0 ./Drivers/STM32G4xx_HAL_Driver/Src/stm32g4xx_hal_uart.o
 .text.UART_RxISR_16BIT
                0x0000000008006490      0x1c0 ./Drivers/STM32G4xx_HAL_Driver/Src/stm32g4xx_hal_uart.o
 .text.UART_RxISR_8BIT_FIFOEN
                0x0000000008006650      0x36c ./Drivers/STM32G4xx_HAL_Driver/Src/stm32g4xx_hal_uart.o
 .text.UART_RxISR_16BIT_FIFOEN
                0x00000000080069bc      0x374 ./Drivers/STM32G4xx_HAL_Driver/Src/stm32g4xx_hal_uart.o
 .text.HAL_UARTEx_WakeupCallback
                0x0000000008006d30       0x14 ./Drivers/STM32G4xx_HAL_Driver/Src/stm32g4xx_hal_uart_ex.o
                0x0000000008006d30                HAL_UARTEx_WakeupCallback
 .text.HAL_UARTEx_RxFifoFullCallback
                0x0000000008006d44       0x14 ./Drivers/STM32G4xx_HAL_Driver/Src/stm32g4xx_hal_uart_ex.o
                0x0000000008006d44                HAL_UARTEx_RxFifoFullCallback
 .text.HAL_UARTEx_TxFifoEmptyCallback
                0x0000000008006d58       0x14 ./Drivers/STM32G4xx_HAL_Driver/Src/stm32g4xx_hal_uart_ex.o
                0x0000000008006d58                HAL_UARTEx_TxFifoEmptyCallback
 .text.HAL_UARTEx_DisableFifoMode
                0x0000000008006d6c       0x72 ./Drivers/STM32G4xx_HAL_Driver/Src/stm32g4xx_hal_uart_ex.o
                0x0000000008006d6c                HAL_UARTEx_DisableFifoMode
 .text.HAL_UARTEx_SetTxFifoThreshold
                0x0000000008006dde       0x7c ./Drivers/STM32G4xx_HAL_Driver/Src/stm32g4xx_hal_uart_ex.o
                0x0000000008006dde                HAL_UARTEx_SetTxFifoThreshold
 .text.HAL_UARTEx_SetRxFifoThreshold
                0x0000000008006e5a       0x7c ./Drivers/STM32G4xx_HAL_Driver/Src/stm32g4xx_hal_uart_ex.o
                0x0000000008006e5a                HAL_UARTEx_SetRxFifoThreshold
 *fill*         0x0000000008006ed6        0x2 
 .text.UARTEx_SetNbDataToProcess
                0x0000000008006ed8       0x9c ./Drivers/STM32G4xx_HAL_Driver/Src/stm32g4xx_hal_uart_ex.o
 .text.memset   0x0000000008006f74       0x10 C:/ST/STM32CubeIDE_1.12.0/STM32CubeIDE/plugins/com.st.stm32cube.ide.mcu.externaltools.gnu-tools-for-stm32.11.3.rel1.win32_1.1.100.202309141235/tools/bin/../lib/gcc/arm-none-eabi/11.3.1/../../../../arm-none-eabi/lib/thumb/v7e-m+fp/hard\libc_nano.a(libc_a-memset.o)
                0x0000000008006f74                memset
 .text.__libc_init_array
                0x0000000008006f84       0x48 C:/ST/STM32CubeIDE_1.12.0/STM32CubeIDE/plugins/com.st.stm32cube.ide.mcu.externaltools.gnu-tools-for-stm32.11.3.rel1.win32_1.1.100.202309141235/tools/bin/../lib/gcc/arm-none-eabi/11.3.1/../../../../arm-none-eabi/lib/thumb/v7e-m+fp/hard\libc_nano.a(libc_a-init.o)
                0x0000000008006f84                __libc_init_array
 .text.memcpy   0x0000000008006fcc       0x1c C:/ST/STM32CubeIDE_1.12.0/STM32CubeIDE/plugins/com.st.stm32cube.ide.mcu.externaltools.gnu-tools-for-stm32.11.3.rel1.win32_1.1.100.202309141235/tools/bin/../lib/gcc/arm-none-eabi/11.3.1/../../../../arm-none-eabi/lib/thumb/v7e-m+fp/hard\libc_nano.a(libc_a-memcpy-stub.o)
                0x0000000008006fcc                memcpy
 *(.glue_7)
 .glue_7        0x0000000008006fe8        0x0 linker stubs
 *(.glue_7t)
 .glue_7t       0x0000000008006fe8        0x0 linker stubs
 *(.eh_frame)
 .eh_frame      0x0000000008006fe8        0x0 C:/ST/STM32CubeIDE_1.12.0/STM32CubeIDE/plugins/com.st.stm32cube.ide.mcu.externaltools.gnu-tools-for-stm32.11.3.rel1.win32_1.1.100.202309141235/tools/bin/../lib/gcc/arm-none-eabi/11.3.1/thumb/v7e-m+fp/hard/crtbegin.o
 *(.init)
 .init          0x0000000008006fe8        0x4 C:/ST/STM32CubeIDE_1.12.0/STM32CubeIDE/plugins/com.st.stm32cube.ide.mcu.externaltools.gnu-tools-for-stm32.11.3.rel1.win32_1.1.100.202309141235/tools/bin/../lib/gcc/arm-none-eabi/11.3.1/thumb/v7e-m+fp/hard/crti.o
                0x0000000008006fe8                _init
 .init          0x0000000008006fec        0x8 C:/ST/STM32CubeIDE_1.12.0/STM32CubeIDE/plugins/com.st.stm32cube.ide.mcu.externaltools.gnu-tools-for-stm32.11.3.rel1.win32_1.1.100.202309141235/tools/bin/../lib/gcc/arm-none-eabi/11.3.1/thumb/v7e-m+fp/hard/crtn.o
 *(.fini)
 .fini          0x0000000008006ff4        0x4 C:/ST/STM32CubeIDE_1.12.0/STM32CubeIDE/plugins/com.st.stm32cube.ide.mcu.externaltools.gnu-tools-for-stm32.11.3.rel1.win32_1.1.100.202309141235/tools/bin/../lib/gcc/arm-none-eabi/11.3.1/thumb/v7e-m+fp/hard/crti.o
                0x0000000008006ff4                _fini
 .fini          0x0000000008006ff8        0x8 C:/ST/STM32CubeIDE_1.12.0/STM32CubeIDE/plugins/com.st.stm32cube.ide.mcu.externaltools.gnu-tools-for-stm32.11.3.rel1.win32_1.1.100.202309141235/tools/bin/../lib/gcc/arm-none-eabi/11.3.1/thumb/v7e-m+fp/hard/crtn.o
                0x0000000008007000                . = ALIGN (0x4)
                0x0000000008007000                _etext = .

.vfp11_veneer   0x0000000008007000        0x0
 .vfp11_veneer  0x0000000008007000        0x0 linker stubs

.v4_bx          0x0000000008007000        0x0
 .v4_bx         0x0000000008007000        0x0 linker stubs

.iplt           0x0000000008007000        0x0
 .iplt          0x0000000008007000        0x0 C:/ST/STM32CubeIDE_1.12.0/STM32CubeIDE/plugins/com.st.stm32cube.ide.mcu.externaltools.gnu-tools-for-stm32.11.3.rel1.win32_1.1.100.202309141235/tools/bin/../lib/gcc/arm-none-eabi/11.3.1/thumb/v7e-m+fp/hard/crtbegin.o

.rodata         0x0000000008007000       0x40
                0x0000000008007000                . = ALIGN (0x4)
 *(.rodata)
 *(.rodata*)
 .rodata.AHBPrescTable
                0x0000000008007000       0x10 ./Core/Src/system_stm32g4xx.o
                0x0000000008007000                AHBPrescTable
 .rodata.APBPrescTable
                0x0000000008007010        0x8 ./Core/Src/system_stm32g4xx.o
                0x0000000008007010                APBPrescTable
 .rodata.UARTPrescTable
                0x0000000008007018       0x18 ./Drivers/STM32G4xx_HAL_Driver/Src/stm32g4xx_hal_uart.o
                0x0000000008007018                UARTPrescTable
 .rodata.numerator.1
                0x0000000008007030        0x8 ./Drivers/STM32G4xx_HAL_Driver/Src/stm32g4xx_hal_uart_ex.o
 .rodata.denominator.0
                0x0000000008007038        0x8 ./Drivers/STM32G4xx_HAL_Driver/Src/stm32g4xx_hal_uart_ex.o
                0x0000000008007040                . = ALIGN (0x4)

.ARM.extab      0x0000000008007040        0x0
                0x0000000008007040                . = ALIGN (0x4)
 *(.ARM.extab* .gnu.linkonce.armextab.*)
                0x0000000008007040                . = ALIGN (0x4)

.ARM            0x0000000008007040        0x8
                0x0000000008007040                . = ALIGN (0x4)
                0x0000000008007040                __exidx_start = .
 *(.ARM.exidx*)
 .ARM.exidx     0x0000000008007040        0x8 C:/ST/STM32CubeIDE_1.12.0/STM32CubeIDE/plugins/com.st.stm32cube.ide.mcu.externaltools.gnu-tools-for-stm32.11.3.rel1.win32_1.1.100.202309141235/tools/bin/../lib/gcc/arm-none-eabi/11.3.1/thumb/v7e-m+fp/hard\libgcc.a(_udivmoddi4.o)
                0x0000000008007048                __exidx_end = .
                0x0000000008007048                . = ALIGN (0x4)

.rel.dyn        0x0000000008007048        0x0
 .rel.iplt      0x0000000008007048        0x0 C:/ST/STM32CubeIDE_1.12.0/STM32CubeIDE/plugins/com.st.stm32cube.ide.mcu.externaltools.gnu-tools-for-stm32.11.3.rel1.win32_1.1.100.202309141235/tools/bin/../lib/gcc/arm-none-eabi/11.3.1/thumb/v7e-m+fp/hard/crtbegin.o

.preinit_array  0x0000000008007048        0x0
                0x0000000008007048                . = ALIGN (0x4)
                0x0000000008007048                PROVIDE (__preinit_array_start = .)
 *(.preinit_array*)
                0x0000000008007048                PROVIDE (__preinit_array_end = .)
                0x0000000008007048                . = ALIGN (0x4)

.init_array     0x0000000008007048        0x4
                0x0000000008007048                . = ALIGN (0x4)
                0x0000000008007048                PROVIDE (__init_array_start = .)
 *(SORT_BY_NAME(.init_array.*))
 *(.init_array*)
 .init_array    0x0000000008007048        0x4 C:/ST/STM32CubeIDE_1.12.0/STM32CubeIDE/plugins/com.st.stm32cube.ide.mcu.externaltools.gnu-tools-for-stm32.11.3.rel1.win32_1.1.100.202309141235/tools/bin/../lib/gcc/arm-none-eabi/11.3.1/thumb/v7e-m+fp/hard/crtbegin.o
                0x000000000800704c                PROVIDE (__init_array_end = .)
                0x000000000800704c                . = ALIGN (0x4)

.fini_array     0x000000000800704c        0x4
                0x000000000800704c                . = ALIGN (0x4)
                [!provide]                        PROVIDE (__fini_array_start = .)
 *(SORT_BY_NAME(.fini_array.*))
 *(.fini_array*)
 .fini_array    0x000000000800704c        0x4 C:/ST/STM32CubeIDE_1.12.0/STM32CubeIDE/plugins/com.st.stm32cube.ide.mcu.externaltools.gnu-tools-for-stm32.11.3.rel1.win32_1.1.100.202309141235/tools/bin/../lib/gcc/arm-none-eabi/11.3.1/thumb/v7e-m+fp/hard/crtbegin.o
                [!provide]                        PROVIDE (__fini_array_end = .)
                0x0000000008007050                . = ALIGN (0x4)
                0x0000000008007050                _sidata = LOADADDR (.data)

.data           0x0000000020000000      0x20c load address 0x0000000008007050
                0x0000000020000000                . = ALIGN (0x4)
                0x0000000020000000                _sdata = .
 *(.data)
 *(.data*)
 .data.auchCRCLo
                0x0000000020000000      0x100 ./Core/Src/ModBusRTU.o
 .data.auchCRCHi
                0x0000000020000100      0x100 ./Core/Src/ModBusRTU.o
 .data.SystemCoreClock
                0x0000000020000200        0x4 ./Core/Src/system_stm32g4xx.o
                0x0000000020000200                SystemCoreClock
 .data.uwTickPrio
                0x0000000020000204        0x4 ./Drivers/STM32G4xx_HAL_Driver/Src/stm32g4xx_hal.o
                0x0000000020000204                uwTickPrio
 .data.uwTickFreq
                0x0000000020000208        0x4 ./Drivers/STM32G4xx_HAL_Driver/Src/stm32g4xx_hal.o
                0x0000000020000208                uwTickFreq
 *(.RamFunc)
 *(.RamFunc*)
                0x000000002000020c                . = ALIGN (0x4)
                0x000000002000020c                _edata = .

.igot.plt       0x000000002000020c        0x0 load address 0x000000000800725c
 .igot.plt      0x000000002000020c        0x0 C:/ST/STM32CubeIDE_1.12.0/STM32CubeIDE/plugins/com.st.stm32cube.ide.mcu.externaltools.gnu-tools-for-stm32.11.3.rel1.win32_1.1.100.202309141235/tools/bin/../lib/gcc/arm-none-eabi/11.3.1/thumb/v7e-m+fp/hard/crtbegin.o
                0x000000002000020c                . = ALIGN (0x4)

.bss            0x000000002000020c      0x884 load address 0x000000000800725c
                0x000000002000020c                _sbss = .
                0x000000002000020c                __bss_start__ = _sbss
 *(.bss)
 .bss           0x000000002000020c       0x1c C:/ST/STM32CubeIDE_1.12.0/STM32CubeIDE/plugins/com.st.stm32cube.ide.mcu.externaltools.gnu-tools-for-stm32.11.3.rel1.win32_1.1.100.202309141235/tools/bin/../lib/gcc/arm-none-eabi/11.3.1/thumb/v7e-m+fp/hard/crtbegin.o
 *(.bss*)
 .bss.hModbus   0x0000000020000228        0x4 ./Core/Src/ModBusRTU.o
                0x0000000020000228                hModbus
 .bss.htim16    0x000000002000022c       0xcc ./Core/Src/main.o
                0x000000002000022c                htim16
 .bss.huart2    0x00000000200002f8       0xcc ./Core/Src/main.o
                0x00000000200002f8                huart2
 .bss.hdma_usart2_tx
                0x00000000200003c4       0x60 ./Core/Src/main.o
                0x00000000200003c4                hdma_usart2_tx
 .bss.hmodbus   0x0000000020000424      0x4d8 ./Core/Src/main.o
                0x0000000020000424                hmodbus
 .bss.registerFrame
                0x00000000200008fc      0x190 ./Core/Src/main.o
                0x00000000200008fc                registerFrame
 .bss.uwTick    0x0000000020000a8c        0x4 ./Drivers/STM32G4xx_HAL_Driver/Src/stm32g4xx_hal.o
                0x0000000020000a8c                uwTick
 *(COMMON)
                0x0000000020000a90                . = ALIGN (0x4)
                0x0000000020000a90                _ebss = .
                0x0000000020000a90                __bss_end__ = _ebss

._user_heap_stack
                0x0000000020000a90      0x600 load address 0x000000000800725c
                0x0000000020000a90                . = ALIGN (0x8)
                [!provide]                        PROVIDE (end = .)
                0x0000000020000a90                PROVIDE (_end = .)
                0x0000000020000c90                . = (. + _Min_Heap_Size)
 *fill*         0x0000000020000a90      0x200 
                0x0000000020001090                . = (. + _Min_Stack_Size)
 *fill*         0x0000000020000c90      0x400 
                0x0000000020001090                . = ALIGN (0x8)

/DISCARD/
 libc.a(*)
 libm.a(*)
 libgcc.a(*)

.ARM.attributes
                0x0000000000000000       0x30
 *(.ARM.attributes)
 .ARM.attributes
                0x0000000000000000       0x1e C:/ST/STM32CubeIDE_1.12.0/STM32CubeIDE/plugins/com.st.stm32cube.ide.mcu.externaltools.gnu-tools-for-stm32.11.3.rel1.win32_1.1.100.202309141235/tools/bin/../lib/gcc/arm-none-eabi/11.3.1/thumb/v7e-m+fp/hard/crti.o
 .ARM.attributes
                0x000000000000001e       0x34 C:/ST/STM32CubeIDE_1.12.0/STM32CubeIDE/plugins/com.st.stm32cube.ide.mcu.externaltools.gnu-tools-for-stm32.11.3.rel1.win32_1.1.100.202309141235/tools/bin/../lib/gcc/arm-none-eabi/11.3.1/thumb/v7e-m+fp/hard/crtbegin.o
 .ARM.attributes
                0x0000000000000052       0x34 ./Core/Src/ModBusRTU.o
 .ARM.attributes
                0x0000000000000086       0x34 ./Core/Src/main.o
 .ARM.attributes
                0x00000000000000ba       0x34 ./Core/Src/stm32g4xx_hal_msp.o
 .ARM.attributes
                0x00000000000000ee       0x34 ./Core/Src/stm32g4xx_it.o
 .ARM.attributes
                0x0000000000000122       0x34 ./Core/Src/system_stm32g4xx.o
 .ARM.attributes
                0x0000000000000156       0x21 ./Core/Startup/startup_stm32g474retx.o
 .ARM.attributes
                0x0000000000000177       0x34 ./Drivers/STM32G4xx_HAL_Driver/Src/stm32g4xx_hal.o
 .ARM.attributes
                0x00000000000001ab       0x34 ./Drivers/STM32G4xx_HAL_Driver/Src/stm32g4xx_hal_cortex.o
 .ARM.attributes
                0x00000000000001df       0x34 ./Drivers/STM32G4xx_HAL_Driver/Src/stm32g4xx_hal_dma.o
 .ARM.attributes
                0x0000000000000213       0x34 ./Drivers/STM32G4xx_HAL_Driver/Src/stm32g4xx_hal_gpio.o
 .ARM.attributes
                0x0000000000000247       0x34 ./Drivers/STM32G4xx_HAL_Driver/Src/stm32g4xx_hal_pwr_ex.o
 .ARM.attributes
                0x000000000000027b       0x34 ./Drivers/STM32G4xx_HAL_Driver/Src/stm32g4xx_hal_rcc.o
 .ARM.attributes
                0x00000000000002af       0x34 ./Drivers/STM32G4xx_HAL_Driver/Src/stm32g4xx_hal_rcc_ex.o
 .ARM.attributes
                0x00000000000002e3       0x34 ./Drivers/STM32G4xx_HAL_Driver/Src/stm32g4xx_hal_tim.o
 .ARM.attributes
                0x0000000000000317       0x34 ./Drivers/STM32G4xx_HAL_Driver/Src/stm32g4xx_hal_tim_ex.o
 .ARM.attributes
                0x000000000000034b       0x34 ./Drivers/STM32G4xx_HAL_Driver/Src/stm32g4xx_hal_uart.o
 .ARM.attributes
                0x000000000000037f       0x34 ./Drivers/STM32G4xx_HAL_Driver/Src/stm32g4xx_hal_uart_ex.o
 .ARM.attributes
                0x00000000000003b3       0x34 C:/ST/STM32CubeIDE_1.12.0/STM32CubeIDE/plugins/com.st.stm32cube.ide.mcu.externaltools.gnu-tools-for-stm32.11.3.rel1.win32_1.1.100.202309141235/tools/bin/../lib/gcc/arm-none-eabi/11.3.1/../../../../arm-none-eabi/lib/thumb/v7e-m+fp/hard\libc_nano.a(libc_a-memset.o)
 .ARM.attributes
                0x00000000000003e7       0x34 C:/ST/STM32CubeIDE_1.12.0/STM32CubeIDE/plugins/com.st.stm32cube.ide.mcu.externaltools.gnu-tools-for-stm32.11.3.rel1.win32_1.1.100.202309141235/tools/bin/../lib/gcc/arm-none-eabi/11.3.1/../../../../arm-none-eabi/lib/thumb/v7e-m+fp/hard\libc_nano.a(libc_a-init.o)
 .ARM.attributes
                0x000000000000041b       0x34 C:/ST/STM32CubeIDE_1.12.0/STM32CubeIDE/plugins/com.st.stm32cube.ide.mcu.externaltools.gnu-tools-for-stm32.11.3.rel1.win32_1.1.100.202309141235/tools/bin/../lib/gcc/arm-none-eabi/11.3.1/../../../../arm-none-eabi/lib/thumb/v7e-m+fp/hard\libc_nano.a(libc_a-memcpy-stub.o)
 .ARM.attributes
                0x000000000000044f       0x1e C:/ST/STM32CubeIDE_1.12.0/STM32CubeIDE/plugins/com.st.stm32cube.ide.mcu.externaltools.gnu-tools-for-stm32.11.3.rel1.win32_1.1.100.202309141235/tools/bin/../lib/gcc/arm-none-eabi/11.3.1/thumb/v7e-m+fp/hard\libgcc.a(_aeabi_uldivmod.o)
 .ARM.attributes
                0x000000000000046d       0x34 C:/ST/STM32CubeIDE_1.12.0/STM32CubeIDE/plugins/com.st.stm32cube.ide.mcu.externaltools.gnu-tools-for-stm32.11.3.rel1.win32_1.1.100.202309141235/tools/bin/../lib/gcc/arm-none-eabi/11.3.1/thumb/v7e-m+fp/hard\libgcc.a(_udivmoddi4.o)
 .ARM.attributes
                0x00000000000004a1       0x1e C:/ST/STM32CubeIDE_1.12.0/STM32CubeIDE/plugins/com.st.stm32cube.ide.mcu.externaltools.gnu-tools-for-stm32.11.3.rel1.win32_1.1.100.202309141235/tools/bin/../lib/gcc/arm-none-eabi/11.3.1/thumb/v7e-m+fp/hard\libgcc.a(_dvmd_tls.o)
 .ARM.attributes
                0x00000000000004bf       0x1e C:/ST/STM32CubeIDE_1.12.0/STM32CubeIDE/plugins/com.st.stm32cube.ide.mcu.externaltools.gnu-tools-for-stm32.11.3.rel1.win32_1.1.100.202309141235/tools/bin/../lib/gcc/arm-none-eabi/11.3.1/thumb/v7e-m+fp/hard/crtn.o
OUTPUT(MODBUS2024.elf elf32-littlearm)
LOAD linker stubs
LOAD C:/ST/STM32CubeIDE_1.12.0/STM32CubeIDE/plugins/com.st.stm32cube.ide.mcu.externaltools.gnu-tools-for-stm32.11.3.rel1.win32_1.1.100.202309141235/tools/bin/../lib/gcc/arm-none-eabi/11.3.1/../../../../arm-none-eabi/lib/thumb/v7e-m+fp/hard\libc.a
LOAD C:/ST/STM32CubeIDE_1.12.0/STM32CubeIDE/plugins/com.st.stm32cube.ide.mcu.externaltools.gnu-tools-for-stm32.11.3.rel1.win32_1.1.100.202309141235/tools/bin/../lib/gcc/arm-none-eabi/11.3.1/../../../../arm-none-eabi/lib/thumb/v7e-m+fp/hard\libm.a
LOAD C:/ST/STM32CubeIDE_1.12.0/STM32CubeIDE/plugins/com.st.stm32cube.ide.mcu.externaltools.gnu-tools-for-stm32.11.3.rel1.win32_1.1.100.202309141235/tools/bin/../lib/gcc/arm-none-eabi/11.3.1/thumb/v7e-m+fp/hard\libgcc.a

.comment        0x0000000000000000       0x43
 .comment       0x0000000000000000       0x43 C:/ST/STM32CubeIDE_1.12.0/STM32CubeIDE/plugins/com.st.stm32cube.ide.mcu.externaltools.gnu-tools-for-stm32.11.3.rel1.win32_1.1.100.202309141235/tools/bin/../lib/gcc/arm-none-eabi/11.3.1/thumb/v7e-m+fp/hard/crtbegin.o
                                         0x44 (size before relaxing)
 .comment       0x0000000000000043       0x44 ./Core/Src/ModBusRTU.o
 .comment       0x0000000000000043       0x44 ./Core/Src/main.o
 .comment       0x0000000000000043       0x44 ./Core/Src/stm32g4xx_hal_msp.o
 .comment       0x0000000000000043       0x44 ./Core/Src/stm32g4xx_it.o
 .comment       0x0000000000000043       0x44 ./Core/Src/system_stm32g4xx.o
 .comment       0x0000000000000043       0x44 ./Drivers/STM32G4xx_HAL_Driver/Src/stm32g4xx_hal.o
 .comment       0x0000000000000043       0x44 ./Drivers/STM32G4xx_HAL_Driver/Src/stm32g4xx_hal_cortex.o
 .comment       0x0000000000000043       0x44 ./Drivers/STM32G4xx_HAL_Driver/Src/stm32g4xx_hal_dma.o
 .comment       0x0000000000000043       0x44 ./Drivers/STM32G4xx_HAL_Driver/Src/stm32g4xx_hal_gpio.o
 .comment       0x0000000000000043       0x44 ./Drivers/STM32G4xx_HAL_Driver/Src/stm32g4xx_hal_pwr_ex.o
 .comment       0x0000000000000043       0x44 ./Drivers/STM32G4xx_HAL_Driver/Src/stm32g4xx_hal_rcc.o
 .comment       0x0000000000000043       0x44 ./Drivers/STM32G4xx_HAL_Driver/Src/stm32g4xx_hal_rcc_ex.o
 .comment       0x0000000000000043       0x44 ./Drivers/STM32G4xx_HAL_Driver/Src/stm32g4xx_hal_tim.o
 .comment       0x0000000000000043       0x44 ./Drivers/STM32G4xx_HAL_Driver/Src/stm32g4xx_hal_tim_ex.o
 .comment       0x0000000000000043       0x44 ./Drivers/STM32G4xx_HAL_Driver/Src/stm32g4xx_hal_uart.o
 .comment       0x0000000000000043       0x44 ./Drivers/STM32G4xx_HAL_Driver/Src/stm32g4xx_hal_uart_ex.o

.debug_info     0x0000000000000000    0x154b7
 .debug_info    0x0000000000000000     0x1583 ./Core/Src/ModBusRTU.o
 .debug_info    0x0000000000001583     0x1d27 ./Core/Src/main.o
 .debug_info    0x00000000000032aa     0x1787 ./Core/Src/stm32g4xx_hal_msp.o
 .debug_info    0x0000000000004a31      0xf5b ./Core/Src/stm32g4xx_it.o
 .debug_info    0x000000000000598c      0x58e ./Core/Src/system_stm32g4xx.o
 .debug_info    0x0000000000005f1a       0x23 ./Core/Startup/startup_stm32g474retx.o
 .debug_info    0x0000000000005f3d      0xb95 ./Drivers/STM32G4xx_HAL_Driver/Src/stm32g4xx_hal.o
 .debug_info    0x0000000000006ad2      0xdad ./Drivers/STM32G4xx_HAL_Driver/Src/stm32g4xx_hal_cortex.o
 .debug_info    0x000000000000787f      0x85f ./Drivers/STM32G4xx_HAL_Driver/Src/stm32g4xx_hal_dma.o
 .debug_info    0x00000000000080de      0x763 ./Drivers/STM32G4xx_HAL_Driver/Src/stm32g4xx_hal_gpio.o
 .debug_info    0x0000000000008841      0x93f ./Drivers/STM32G4xx_HAL_Driver/Src/stm32g4xx_hal_pwr_ex.o
 .debug_info    0x0000000000009180      0xbe0 ./Drivers/STM32G4xx_HAL_Driver/Src/stm32g4xx_hal_rcc.o
 .debug_info    0x0000000000009d60      0xc45 ./Drivers/STM32G4xx_HAL_Driver/Src/stm32g4xx_hal_rcc_ex.o
 .debug_info    0x000000000000a9a5     0x301a ./Drivers/STM32G4xx_HAL_Driver/Src/stm32g4xx_hal_tim.o
 .debug_info    0x000000000000d9bf     0x1f5e ./Drivers/STM32G4xx_HAL_Driver/Src/stm32g4xx_hal_tim_ex.o
 .debug_info    0x000000000000f91d     0x4ad2 ./Drivers/STM32G4xx_HAL_Driver/Src/stm32g4xx_hal_uart.o
 .debug_info    0x00000000000143ef     0x10c8 ./Drivers/STM32G4xx_HAL_Driver/Src/stm32g4xx_hal_uart_ex.o

.debug_abbrev   0x0000000000000000     0x2839
 .debug_abbrev  0x0000000000000000      0x364 ./Core/Src/ModBusRTU.o
 .debug_abbrev  0x0000000000000364      0x378 ./Core/Src/main.o
 .debug_abbrev  0x00000000000006dc      0x257 ./Core/Src/stm32g4xx_hal_msp.o
 .debug_abbrev  0x0000000000000933      0x1dc ./Core/Src/stm32g4xx_it.o
 .debug_abbrev  0x0000000000000b0f      0x11a ./Core/Src/system_stm32g4xx.o
 .debug_abbrev  0x0000000000000c29       0x12 ./Core/Startup/startup_stm32g474retx.o
 .debug_abbrev  0x0000000000000c3b      0x271 ./Drivers/STM32G4xx_HAL_Driver/Src/stm32g4xx_hal.o
 .debug_abbrev  0x0000000000000eac      0x31c ./Drivers/STM32G4xx_HAL_Driver/Src/stm32g4xx_hal_cortex.o
 .debug_abbrev  0x00000000000011c8      0x1e2 ./Drivers/STM32G4xx_HAL_Driver/Src/stm32g4xx_hal_dma.o
 .debug_abbrev  0x00000000000013aa      0x1cb ./Drivers/STM32G4xx_HAL_Driver/Src/stm32g4xx_hal_gpio.o
 .debug_abbrev  0x0000000000001575      0x22c ./Drivers/STM32G4xx_HAL_Driver/Src/stm32g4xx_hal_pwr_ex.o
 .debug_abbrev  0x00000000000017a1      0x2c9 ./Drivers/STM32G4xx_HAL_Driver/Src/stm32g4xx_hal_rcc.o
 .debug_abbrev  0x0000000000001a6a      0x258 ./Drivers/STM32G4xx_HAL_Driver/Src/stm32g4xx_hal_rcc_ex.o
 .debug_abbrev  0x0000000000001cc2      0x2b8 ./Drivers/STM32G4xx_HAL_Driver/Src/stm32g4xx_hal_tim.o
 .debug_abbrev  0x0000000000001f7a      0x2d6 ./Drivers/STM32G4xx_HAL_Driver/Src/stm32g4xx_hal_tim_ex.o
 .debug_abbrev  0x0000000000002250      0x317 ./Drivers/STM32G4xx_HAL_Driver/Src/stm32g4xx_hal_uart.o
 .debug_abbrev  0x0000000000002567      0x2d2 ./Drivers/STM32G4xx_HAL_Driver/Src/stm32g4xx_hal_uart_ex.o

.debug_aranges  0x0000000000000000     0x10f0
 .debug_aranges
                0x0000000000000000       0x70 ./Core/Src/ModBusRTU.o
 .debug_aranges
                0x0000000000000070       0x50 ./Core/Src/main.o
 .debug_aranges
                0x00000000000000c0       0x40 ./Core/Src/stm32g4xx_hal_msp.o
 .debug_aranges
                0x0000000000000100       0x80 ./Core/Src/stm32g4xx_it.o
 .debug_aranges
                0x0000000000000180       0x28 ./Core/Src/system_stm32g4xx.o
 .debug_aranges
                0x00000000000001a8       0x28 ./Core/Startup/startup_stm32g474retx.o
 .debug_aranges
                0x00000000000001d0      0x148 ./Drivers/STM32G4xx_HAL_Driver/Src/stm32g4xx_hal.o
 .debug_aranges
                0x0000000000000318      0x118 ./Drivers/STM32G4xx_HAL_Driver/Src/stm32g4xx_hal_cortex.o
 .debug_aranges
                0x0000000000000430       0x90 ./Drivers/STM32G4xx_HAL_Driver/Src/stm32g4xx_hal_dma.o
 .debug_aranges
                0x00000000000004c0       0x58 ./Drivers/STM32G4xx_HAL_Driver/Src/stm32g4xx_hal_gpio.o
 .debug_aranges
                0x0000000000000518      0x140 ./Drivers/STM32G4xx_HAL_Driver/Src/stm32g4xx_hal_pwr_ex.o
 .debug_aranges
                0x0000000000000658       0x98 ./Drivers/STM32G4xx_HAL_Driver/Src/stm32g4xx_hal_rcc.o
 .debug_aranges
                0x00000000000006f0       0xb0 ./Drivers/STM32G4xx_HAL_Driver/Src/stm32g4xx_hal_rcc_ex.o
 .debug_aranges
                0x00000000000007a0      0x3f8 ./Drivers/STM32G4xx_HAL_Driver/Src/stm32g4xx_hal_tim.o
 .debug_aranges
                0x0000000000000b98      0x240 ./Drivers/STM32G4xx_HAL_Driver/Src/stm32g4xx_hal_tim_ex.o
 .debug_aranges
                0x0000000000000dd8      0x270 ./Drivers/STM32G4xx_HAL_Driver/Src/stm32g4xx_hal_uart.o
 .debug_aranges
                0x0000000000001048       0xa8 ./Drivers/STM32G4xx_HAL_Driver/Src/stm32g4xx_hal_uart_ex.o

.debug_rnglists
                0x0000000000000000      0xd48
 .debug_rnglists
                0x0000000000000000       0x54 ./Core/Src/ModBusRTU.o
 .debug_rnglists
                0x0000000000000054       0x3b ./Core/Src/main.o
 .debug_rnglists
                0x000000000000008f       0x2c ./Core/Src/stm32g4xx_hal_msp.o
 .debug_rnglists
                0x00000000000000bb       0x5b ./Core/Src/stm32g4xx_it.o
 .debug_rnglists
                0x0000000000000116       0x1a ./Core/Src/system_stm32g4xx.o
 .debug_rnglists
                0x0000000000000130       0x19 ./Core/Startup/startup_stm32g474retx.o
 .debug_rnglists
                0x0000000000000149       0xf1 ./Drivers/STM32G4xx_HAL_Driver/Src/stm32g4xx_hal.o
 .debug_rnglists
                0x000000000000023a       0xce ./Drivers/STM32G4xx_HAL_Driver/Src/stm32g4xx_hal_cortex.o
 .debug_rnglists
                0x0000000000000308       0x71 ./Drivers/STM32G4xx_HAL_Driver/Src/stm32g4xx_hal_dma.o
 .debug_rnglists
                0x0000000000000379       0x3f ./Drivers/STM32G4xx_HAL_Driver/Src/stm32g4xx_hal_gpio.o
 .debug_rnglists
                0x00000000000003b8       0xf1 ./Drivers/STM32G4xx_HAL_Driver/Src/stm32g4xx_hal_pwr_ex.o
 .debug_rnglists
                0x00000000000004a9       0x74 ./Drivers/STM32G4xx_HAL_Driver/Src/stm32g4xx_hal_rcc.o
 .debug_rnglists
                0x000000000000051d       0x87 ./Drivers/STM32G4xx_HAL_Driver/Src/stm32g4xx_hal_rcc_ex.o
 .debug_rnglists
                0x00000000000005a4      0x33d ./Drivers/STM32G4xx_HAL_Driver/Src/stm32g4xx_hal_tim.o
 .debug_rnglists
                0x00000000000008e1      0x1cc ./Drivers/STM32G4xx_HAL_Driver/Src/stm32g4xx_hal_tim_ex.o
 .debug_rnglists
                0x0000000000000aad      0x21c ./Drivers/STM32G4xx_HAL_Driver/Src/stm32g4xx_hal_uart.o
 .debug_rnglists
                0x0000000000000cc9       0x7f ./Drivers/STM32G4xx_HAL_Driver/Src/stm32g4xx_hal_uart_ex.o

.debug_macro    0x0000000000000000    0x263b0
 .debug_macro   0x0000000000000000      0x2b2 ./Core/Src/ModBusRTU.o
 .debug_macro   0x00000000000002b2      0xaa8 ./Core/Src/ModBusRTU.o
 .debug_macro   0x0000000000000d5a      0x15b ./Core/Src/ModBusRTU.o
 .debug_macro   0x0000000000000eb5       0x2e ./Core/Src/ModBusRTU.o
 .debug_macro   0x0000000000000ee3       0x28 ./Core/Src/ModBusRTU.o
 .debug_macro   0x0000000000000f0b       0x22 ./Core/Src/ModBusRTU.o
 .debug_macro   0x0000000000000f2d       0x8e ./Core/Src/ModBusRTU.o
 .debug_macro   0x0000000000000fbb       0x51 ./Core/Src/ModBusRTU.o
 .debug_macro   0x000000000000100c      0x103 ./Core/Src/ModBusRTU.o
 .debug_macro   0x000000000000110f       0x6a ./Core/Src/ModBusRTU.o
 .debug_macro   0x0000000000001179      0x1df ./Core/Src/ModBusRTU.o
 .debug_macro   0x0000000000001358       0x1c ./Core/Src/ModBusRTU.o
 .debug_macro   0x0000000000001374       0x22 ./Core/Src/ModBusRTU.o
 .debug_macro   0x0000000000001396       0xfb ./Core/Src/ModBusRTU.o
 .debug_macro   0x0000000000001491     0x1011 ./Core/Src/ModBusRTU.o
 .debug_macro   0x00000000000024a2      0x11f ./Core/Src/ModBusRTU.o
 .debug_macro   0x00000000000025c1    0x18b45 ./Core/Src/ModBusRTU.o
 .debug_macro   0x000000000001b106       0x6d ./Core/Src/ModBusRTU.o
 .debug_macro   0x000000000001b173     0x354d ./Core/Src/ModBusRTU.o
 .debug_macro   0x000000000001e6c0      0x174 ./Core/Src/ModBusRTU.o
 .debug_macro   0x000000000001e834       0x5c ./Core/Src/ModBusRTU.o
 .debug_macro   0x000000000001e890     0x171f ./Core/Src/ModBusRTU.o
 .debug_macro   0x000000000001ffaf      0x600 ./Core/Src/ModBusRTU.o
 .debug_macro   0x00000000000205af      0x1b6 ./Core/Src/ModBusRTU.o
 .debug_macro   0x0000000000020765      0x34a ./Core/Src/ModBusRTU.o
 .debug_macro   0x0000000000020aaf      0x53c ./Core/Src/ModBusRTU.o
 .debug_macro   0x0000000000020feb      0x18b ./Core/Src/ModBusRTU.o
 .debug_macro   0x0000000000021176       0x43 ./Core/Src/ModBusRTU.o
 .debug_macro   0x00000000000211b9      0x23d ./Core/Src/ModBusRTU.o
 .debug_macro   0x00000000000213f6      0x211 ./Core/Src/ModBusRTU.o
 .debug_macro   0x0000000000021607      0x45c ./Core/Src/ModBusRTU.o
 .debug_macro   0x0000000000021a63      0x11c ./Core/Src/ModBusRTU.o
 .debug_macro   0x0000000000021b7f      0x122 ./Core/Src/ModBusRTU.o
 .debug_macro   0x0000000000021ca1      0x3d1 ./Core/Src/ModBusRTU.o
 .debug_macro   0x0000000000022072      0xc0b ./Core/Src/ModBusRTU.o
 .debug_macro   0x0000000000022c7d      0x718 ./Core/Src/ModBusRTU.o
 .debug_macro   0x0000000000023395      0x69a ./Core/Src/ModBusRTU.o
 .debug_macro   0x0000000000023a2f       0xa6 ./Core/Src/ModBusRTU.o
 .debug_macro   0x0000000000023ad5      0x358 ./Core/Src/ModBusRTU.o
 .debug_macro   0x0000000000023e2d       0x61 ./Core/Src/ModBusRTU.o
 .debug_macro   0x0000000000023e8e       0x2a ./Core/Src/ModBusRTU.o
 .debug_macro   0x0000000000023eb8       0x43 ./Core/Src/ModBusRTU.o
 .debug_macro   0x0000000000023efb       0x34 ./Core/Src/ModBusRTU.o
 .debug_macro   0x0000000000023f2f       0x16 ./Core/Src/ModBusRTU.o
 .debug_macro   0x0000000000023f45       0x43 ./Core/Src/ModBusRTU.o
 .debug_macro   0x0000000000023f88       0x34 ./Core/Src/ModBusRTU.o
 .debug_macro   0x0000000000023fbc       0x10 ./Core/Src/ModBusRTU.o
 .debug_macro   0x0000000000023fcc       0x58 ./Core/Src/ModBusRTU.o
 .debug_macro   0x0000000000024024       0x8e ./Core/Src/ModBusRTU.o
 .debug_macro   0x00000000000240b2       0x1c ./Core/Src/ModBusRTU.o
 .debug_macro   0x00000000000240ce      0x177 ./Core/Src/ModBusRTU.o
 .debug_macro   0x0000000000024245      0x369 ./Core/Src/ModBusRTU.o
 .debug_macro   0x00000000000245ae       0x10 ./Core/Src/ModBusRTU.o
 .debug_macro   0x00000000000245be       0x35 ./Core/Src/ModBusRTU.o
 .debug_macro   0x00000000000245f3       0x20 ./Core/Src/ModBusRTU.o
 .debug_macro   0x0000000000024613      0x2bb ./Core/Src/main.o
 .debug_macro   0x00000000000248ce       0x46 ./Core/Src/main.o
 .debug_macro   0x0000000000024914      0x1dd ./Core/Src/stm32g4xx_hal_msp.o
 .debug_macro   0x0000000000024af1      0x1e7 ./Core/Src/stm32g4xx_it.o
 .debug_macro   0x0000000000024cd8      0x1ce ./Core/Src/system_stm32g4xx.o
 .debug_macro   0x0000000000024ea6      0x21c ./Drivers/STM32G4xx_HAL_Driver/Src/stm32g4xx_hal.o
 .debug_macro   0x00000000000250c2      0x1ce ./Drivers/STM32G4xx_HAL_Driver/Src/stm32g4xx_hal_cortex.o
 .debug_macro   0x0000000000025290      0x1ce ./Drivers/STM32G4xx_HAL_Driver/Src/stm32g4xx_hal_dma.o
 .debug_macro   0x000000000002545e      0x1d5 ./Drivers/STM32G4xx_HAL_Driver/Src/stm32g4xx_hal_gpio.o
 .debug_macro   0x0000000000025633      0x1f8 ./Drivers/STM32G4xx_HAL_Driver/Src/stm32g4xx_hal_pwr_ex.o
 .debug_macro   0x000000000002582b      0x210 ./Drivers/STM32G4xx_HAL_Driver/Src/stm32g4xx_hal_rcc.o
 .debug_macro   0x0000000000025a3b      0x1f8 ./Drivers/STM32G4xx_HAL_Driver/Src/stm32g4xx_hal_rcc_ex.o
 .debug_macro   0x0000000000025c33      0x1d6 ./Drivers/STM32G4xx_HAL_Driver/Src/stm32g4xx_hal_tim.o
 .debug_macro   0x0000000000025e09      0x1d4 ./Drivers/STM32G4xx_HAL_Driver/Src/stm32g4xx_hal_tim_ex.o
 .debug_macro   0x0000000000025fdd      0x1f9 ./Drivers/STM32G4xx_HAL_Driver/Src/stm32g4xx_hal_uart.o
 .debug_macro   0x00000000000261d6      0x1da ./Drivers/STM32G4xx_HAL_Driver/Src/stm32g4xx_hal_uart_ex.o

.debug_line     0x0000000000000000    0x1449b
 .debug_line    0x0000000000000000      0xd88 ./Core/Src/ModBusRTU.o
 .debug_line    0x0000000000000d88      0xa97 ./Core/Src/main.o
 .debug_line    0x000000000000181f      0x82e ./Core/Src/stm32g4xx_hal_msp.o
 .debug_line    0x000000000000204d      0x88c ./Core/Src/stm32g4xx_it.o
 .debug_line    0x00000000000028d9      0x7d3 ./Core/Src/system_stm32g4xx.o
 .debug_line    0x00000000000030ac       0x7b ./Core/Startup/startup_stm32g474retx.o
 .debug_line    0x0000000000003127      0xb92 ./Drivers/STM32G4xx_HAL_Driver/Src/stm32g4xx_hal.o
 .debug_line    0x0000000000003cb9      0xcfd ./Drivers/STM32G4xx_HAL_Driver/Src/stm32g4xx_hal_cortex.o
 .debug_line    0x00000000000049b6      0xeb6 ./Drivers/STM32G4xx_HAL_Driver/Src/stm32g4xx_hal_dma.o
 .debug_line    0x000000000000586c      0xb8d ./Drivers/STM32G4xx_HAL_Driver/Src/stm32g4xx_hal_gpio.o
 .debug_line    0x00000000000063f9      0xd01 ./Drivers/STM32G4xx_HAL_Driver/Src/stm32g4xx_hal_pwr_ex.o
 .debug_line    0x00000000000070fa      0xf5a ./Drivers/STM32G4xx_HAL_Driver/Src/stm32g4xx_hal_rcc.o
 .debug_line    0x0000000000008054     0x126d ./Drivers/STM32G4xx_HAL_Driver/Src/stm32g4xx_hal_rcc_ex.o
 .debug_line    0x00000000000092c1     0x440f ./Drivers/STM32G4xx_HAL_Driver/Src/stm32g4xx_hal_tim.o
 .debug_line    0x000000000000d6d0     0x21b6 ./Drivers/STM32G4xx_HAL_Driver/Src/stm32g4xx_hal_tim_ex.o
 .debug_line    0x000000000000f886     0x3e53 ./Drivers/STM32G4xx_HAL_Driver/Src/stm32g4xx_hal_uart.o
 .debug_line    0x00000000000136d9      0xdc2 ./Drivers/STM32G4xx_HAL_Driver/Src/stm32g4xx_hal_uart_ex.o

.debug_str      0x0000000000000000    0xfc013
 .debug_str     0x0000000000000000    0xf6f31 ./Core/Src/ModBusRTU.o
                                      0xf758a (size before relaxing)
 .debug_str     0x00000000000f6f31      0xd9d ./Core/Src/main.o
                                      0xf7a6a (size before relaxing)
 .debug_str     0x00000000000f7cce      0x2c6 ./Core/Src/stm32g4xx_hal_msp.o
                                      0xf439c (size before relaxing)
 .debug_str     0x00000000000f7f94      0x175 ./Core/Src/stm32g4xx_it.o
                                      0xf39ee (size before relaxing)
 .debug_str     0x00000000000f8109       0xdb ./Core/Src/system_stm32g4xx.o
                                      0xf2d24 (size before relaxing)
 .debug_str     0x00000000000f81e4       0x34 ./Core/Startup/startup_stm32g474retx.o
                                         0x77 (size before relaxing)
 .debug_str     0x00000000000f8218      0x5ed ./Drivers/STM32G4xx_HAL_Driver/Src/stm32g4xx_hal.o
                                      0xf3a36 (size before relaxing)
 .debug_str     0x00000000000f8805      0x31d ./Drivers/STM32G4xx_HAL_Driver/Src/stm32g4xx_hal_cortex.o
                                      0xf36ba (size before relaxing)
 .debug_str     0x00000000000f8b22      0x29f ./Drivers/STM32G4xx_HAL_Driver/Src/stm32g4xx_hal_dma.o
                                      0xf30fe (size before relaxing)
 .debug_str     0x00000000000f8dc1      0x10a ./Drivers/STM32G4xx_HAL_Driver/Src/stm32g4xx_hal_gpio.o
                                      0xf2eaf (size before relaxing)
 .debug_str     0x00000000000f8ecb      0x4a5 ./Drivers/STM32G4xx_HAL_Driver/Src/stm32g4xx_hal_pwr_ex.o
                                      0xf3212 (size before relaxing)
 .debug_str     0x00000000000f9370      0x506 ./Drivers/STM32G4xx_HAL_Driver/Src/stm32g4xx_hal_rcc.o
                                      0xf3443 (size before relaxing)
 .debug_str     0x00000000000f9876      0x40b ./Drivers/STM32G4xx_HAL_Driver/Src/stm32g4xx_hal_rcc_ex.o
                                      0xf346d (size before relaxing)
 .debug_str     0x00000000000f9c81      0xf22 ./Drivers/STM32G4xx_HAL_Driver/Src/stm32g4xx_hal_tim.o
                                      0xf4985 (size before relaxing)
 .debug_str     0x00000000000faba3      0x845 ./Drivers/STM32G4xx_HAL_Driver/Src/stm32g4xx_hal_tim_ex.o
                                      0xf4159 (size before relaxing)
 .debug_str     0x00000000000fb3e8      0x9c7 ./Drivers/STM32G4xx_HAL_Driver/Src/stm32g4xx_hal_uart.o
                                      0xf4051 (size before relaxing)
 .debug_str     0x00000000000fbdaf      0x264 ./Drivers/STM32G4xx_HAL_Driver/Src/stm32g4xx_hal_uart_ex.o
                                      0xf35f8 (size before relaxing)

.debug_frame    0x0000000000000000     0x4838
 .debug_frame   0x0000000000000000      0x1a8 ./Core/Src/ModBusRTU.o
 .debug_frame   0x00000000000001a8       0xf0 ./Core/Src/main.o
 .debug_frame   0x0000000000000298       0xc8 ./Core/Src/stm32g4xx_hal_msp.o
 .debug_frame   0x0000000000000360      0x174 ./Core/Src/stm32g4xx_it.o
 .debug_frame   0x00000000000004d4       0x58 ./Core/Src/system_stm32g4xx.o
 .debug_frame   0x000000000000052c      0x500 ./Drivers/STM32G4xx_HAL_Driver/Src/stm32g4xx_hal.o
 .debug_frame   0x0000000000000a2c      0x498 ./Drivers/STM32G4xx_HAL_Driver/Src/stm32g4xx_hal_cortex.o
 .debug_frame   0x0000000000000ec4      0x24c ./Drivers/STM32G4xx_HAL_Driver/Src/stm32g4xx_hal_dma.o
 .debug_frame   0x0000000000001110      0x14c ./Drivers/STM32G4xx_HAL_Driver/Src/stm32g4xx_hal_gpio.o
 .debug_frame   0x000000000000125c      0x4fc ./Drivers/STM32G4xx_HAL_Driver/Src/stm32g4xx_hal_pwr_ex.o
 .debug_frame   0x0000000000001758      0x23c ./Drivers/STM32G4xx_HAL_Driver/Src/stm32g4xx_hal_rcc.o
 .debug_frame   0x0000000000001994      0x2ac ./Drivers/STM32G4xx_HAL_Driver/Src/stm32g4xx_hal_rcc_ex.o
 .debug_frame   0x0000000000001c40     0x1298 ./Drivers/STM32G4xx_HAL_Driver/Src/stm32g4xx_hal_tim.o
 .debug_frame   0x0000000000002ed8      0xa70 ./Drivers/STM32G4xx_HAL_Driver/Src/stm32g4xx_hal_tim_ex.o
 .debug_frame   0x0000000000003948      0xb5c ./Drivers/STM32G4xx_HAL_Driver/Src/stm32g4xx_hal_uart.o
 .debug_frame   0x00000000000044a4      0x2c0 ./Drivers/STM32G4xx_HAL_Driver/Src/stm32g4xx_hal_uart_ex.o
 .debug_frame   0x0000000000004764       0x20 C:/ST/STM32CubeIDE_1.12.0/STM32CubeIDE/plugins/com.st.stm32cube.ide.mcu.externaltools.gnu-tools-for-stm32.11.3.rel1.win32_1.1.100.202309141235/tools/bin/../lib/gcc/arm-none-eabi/11.3.1/../../../../arm-none-eabi/lib/thumb/v7e-m+fp/hard\libc_nano.a(libc_a-memset.o)
 .debug_frame   0x0000000000004784       0x2c C:/ST/STM32CubeIDE_1.12.0/STM32CubeIDE/plugins/com.st.stm32cube.ide.mcu.externaltools.gnu-tools-for-stm32.11.3.rel1.win32_1.1.100.202309141235/tools/bin/../lib/gcc/arm-none-eabi/11.3.1/../../../../arm-none-eabi/lib/thumb/v7e-m+fp/hard\libc_nano.a(libc_a-init.o)
 .debug_frame   0x00000000000047b0       0x28 C:/ST/STM32CubeIDE_1.12.0/STM32CubeIDE/plugins/com.st.stm32cube.ide.mcu.externaltools.gnu-tools-for-stm32.11.3.rel1.win32_1.1.100.202309141235/tools/bin/../lib/gcc/arm-none-eabi/11.3.1/../../../../arm-none-eabi/lib/thumb/v7e-m+fp/hard\libc_nano.a(libc_a-memcpy-stub.o)
 .debug_frame   0x00000000000047d8       0x2c C:/ST/STM32CubeIDE_1.12.0/STM32CubeIDE/plugins/com.st.stm32cube.ide.mcu.externaltools.gnu-tools-for-stm32.11.3.rel1.win32_1.1.100.202309141235/tools/bin/../lib/gcc/arm-none-eabi/11.3.1/thumb/v7e-m+fp/hard\libgcc.a(_aeabi_uldivmod.o)
 .debug_frame   0x0000000000004804       0x34 C:/ST/STM32CubeIDE_1.12.0/STM32CubeIDE/plugins/com.st.stm32cube.ide.mcu.externaltools.gnu-tools-for-stm32.11.3.rel1.win32_1.1.100.202309141235/tools/bin/../lib/gcc/arm-none-eabi/11.3.1/thumb/v7e-m+fp/hard\libgcc.a(_udivmoddi4.o)

.debug_line_str
                0x0000000000000000       0x6b
 .debug_line_str
                0x0000000000000000       0x6b ./Core/Startup/startup_stm32g474retx.o
                                         0x83 (size before relaxing)
