../Core/Src/main.c:84:5:main	8	static
../Core/Src/main.c:153:6:SystemClock_Config	88	static
../Core/Src/main.c:200:13:MX_TIM2_Init	40	static
../Core/Src/main.c:245:13:MX_TIM16_Init	8	static
../Core/Src/main.c:281:13:MX_USART2_UART_Init	8	static
../Core/Src/main.c:327:13:MX_DMA_Init	16	static
../Core/Src/main.c:349:13:MX_GPIO_Init	48	static
../Core/Src/main.c:386:6:set_shelves	4	static
../Core/Src/main.c:394:6:set_goalpoint	4	static
../Core/Src/main.c:397:6:run_pointmode	4	static
../Core/Src/main.c:405:6:set_home	4	static
../Core/Src/main.c:413:6:pick_place	4	static
../Core/Src/main.c:417:6:run_jogmode	4	static
../Core/Src/main.c:432:6:Error_Handler	4	static,ignoring_inline_asm
